E/art     (10980): Unrecognized option -XX:mainThreadStackSize=24K
W/art     (10980): Ignoring unknown -Xgc option: precise
W/art     (10980): Failed to find ELF magic in /system/framework/input.odex: dey
W/art     (10980): JNI RegisterNativeMethods: attempt to register 0 native methods for android.content.res.Configuration
D/AndroidRuntime(10980): Calling main entry com.android.commands.input.Input
I/Input   (10980): injectKeyEvent: KeyEvent { action=ACTION_DOWN, keyCode=KEYCODE_HOME, scanCode=0, metaState=0, flags=0x0, repeatCount=0, eventTime=34193926, downTime=34193926, deviceId=-1, source=0x101 }
I/Input   (10980): injectKeyEvent: KeyEvent { action=ACTION_UP, keyCode=KEYCODE_HOME, scanCode=0, metaState=0, flags=0x0, repeatCount=0, eventTime=34193926, downTime=34193926, deviceId=-1, source=0x101 }
I/ActivityManager(  620): START u0 {act=android.intent.action.MAIN cat=[android.intent.category.HOME] flg=0x10200000 cmp=com.android.launcher/com.android.launcher2.Launcher} from pid 620
D/AndroidRuntime(10980): Shutting down VM
I/Adreno-EGL(  952): <qeglDrvAPI_eglInitialize:320>: EGL 1.4 QUALCOMM Build: I0404c4692afb8623f95c43aeb6d5e13ed4b30ddbDate: 11/06/13
V/RenderScript(  952): Application requested CPU execution
V/RenderScript(  952): 0x486be818 Launching thread(s), CPUs 4
I/AndroidRuntime(10876): VM exiting with result code 0.
W/InputMethodManagerService(  620): Window already focused, ignoring focus gain of: com.android.internal.view.IInputMethodClient$Stub$Proxy@659ab7c8 attribute=null, token = android.os.BinderProxy@658eb658
I/LBE-Sec (  620): No process found for uid 10003
I/LBE-Sec (  620): on remove alarm Alarm{packageName='com.google.android.gms', type=2, when=-40 seconds, windowLength=-1, repeatInterval=0 seconds, operation=PendingIntent{65916690: PendingIntentRecord{657ce138 com.google.android.gms broadcastIntent}}, workSource=null, disabled=false}
I/LBE-Sec (  620): on add alarm Alarm{packageName='com.google.android.gms', type=2, when=11 seconds, windowLength=-1, repeatInterval=0 seconds, operation=PendingIntent{6590ad80: PendingIntentRecord{657ce138 com.google.android.gms broadcastIntent}}, workSource=null, disabled=false}
D/ConnectivityService(  620): handleInetConditionHoldEnd: net=1, condition=0, published condition=0
D/AndroidRuntime(11033): 
D/AndroidRuntime(11033): >>>>>> AndroidRuntime START com.android.internal.os.RuntimeInit <<<<<<
D/AndroidRuntime(11033): CheckJNI is OFF
E/art     (11033): Unrecognized option -XX:mainThreadStackSize=24K
W/art     (11033): Ignoring unknown -Xgc option: precise
W/art     (11033): Failed to find ELF magic in /system/framework/pm.odex: dey
W/art     (11033): JNI RegisterNativeMethods: attempt to register 0 native methods for android.content.res.Configuration
D/AndroidRuntime(11033): Calling main entry com.android.commands.pm.Pm
I/PackageParser( 1347): io.appium.settings: compat added android.permission.WRITE_EXTERNAL_STORAGE
W/ActivityManager(  620): No content provider found for permission revoke: file:///data/local/tmp/settings_apk-debug.apk
W/ActivityManager(  620): No content provider found for permission revoke: file:///data/local/tmp/settings_apk-debug.apk
I/PackageManager(  620): Copying native libraries to /data/app-lib/vmdl-1547792555
I/PackageParser(  620): io.appium.settings: compat added android.permission.WRITE_EXTERNAL_STORAGE
W/PackageManager(  620): Attempt to re-install io.appium.settings without first uninstalling.
D/AndroidRuntime(11033): Shutting down VM
I/art     (  620): Heap trim of managed (duration=25.270868ms, advised=2MB) and native (duration=3.479323ms, advised=464KB) heaps. Managed heap utilization of 66%.
D/AndroidRuntime(11053): 
D/AndroidRuntime(11053): >>>>>> AndroidRuntime START com.android.internal.os.RuntimeInit <<<<<<
D/AndroidRuntime(11053): CheckJNI is OFF
E/art     (11053): Unrecognized option -XX:mainThreadStackSize=24K
W/art     (11053): Ignoring unknown -Xgc option: precise
W/art     (11053): Failed to find ELF magic in /system/framework/pm.odex: dey
W/art     (11053): JNI RegisterNativeMethods: attempt to register 0 native methods for android.content.res.Configuration
D/AndroidRuntime(11053): Calling main entry com.android.commands.pm.Pm
I/PackageParser( 1347): io.appium.unlock: compat added android.permission.WRITE_EXTERNAL_STORAGE android.permission.READ_PHONE_STATE
W/ActivityManager(  620): No content provider found for permission revoke: file:///data/local/tmp/unlock_apk-debug.apk
W/ActivityManager(  620): No content provider found for permission revoke: file:///data/local/tmp/unlock_apk-debug.apk
I/PackageManager(  620): Copying native libraries to /data/app-lib/vmdl1137305854
I/PackageParser(  620): io.appium.unlock: compat added android.permission.WRITE_EXTERNAL_STORAGE android.permission.READ_PHONE_STATE
W/PackageManager(  620): Attempt to re-install io.appium.unlock without first uninstalling.
D/AndroidRuntime(11053): Shutting down VM
D/AndroidRuntime(11078): 
D/AndroidRuntime(11078): >>>>>> AndroidRuntime START com.android.internal.os.RuntimeInit <<<<<<
D/AndroidRuntime(11078): CheckJNI is OFF
E/art     (11078): Unrecognized option -XX:mainThreadStackSize=24K
W/art     (11078): Ignoring unknown -Xgc option: precise
W/art     (11078): Failed to find ELF magic in /system/framework/android.test.runner.odex: dey
W/art     (11078): Failed to find ELF magic in /system/framework/uiautomator.odex: dey
W/art     (11078): JNI RegisterNativeMethods: attempt to register 0 native methods for android.content.res.Configuration
D/AndroidRuntime(11078): Calling main entry com.android.commands.uiautomator.Launcher
I/UiWatchers(11078): Registed GUI Exception watchers
D/AndroidRuntime(11104): 
D/AndroidRuntime(11104): >>>>>> AndroidRuntime START com.android.internal.os.RuntimeInit <<<<<<
D/AndroidRuntime(11104): CheckJNI is OFF
E/art     (11104): Unrecognized option -XX:mainThreadStackSize=24K
W/art     (11104): Ignoring unknown -Xgc option: precise
W/ResourceType(  952): No known package when getting name for resource number 0x9b000000
W/ResourceType(  952): No known package when getting name for resource number 0x9b010100
W/ResourceType(  952): No known package when getting name for resource number 0x9b030300
W/ResourceType(  952): No known package when getting name for resource number 0x9b040400
W/ResourceType(  952): No known package when getting name for resource number 0x9c040000
W/ResourceType(  952): No known package when getting name for resource number 0x9c040100
W/ResourceType(  952): No known package when getting name for resource number 0x9c040200
W/ResourceType(  952): No known package when getting name for resource number 0x9c030000
W/ResourceType(  952): No known package when getting name for resource number 0x9c010000
W/art     (11104): Failed to find ELF magic in /system/framework/am.odex: dey
W/ResourceType(  952): No known package when getting name for resource number 0x9c020000
W/ResourceType(  952): No known package when getting name for resource number 0x9c020100
W/ResourceType(  952): No known package when getting name for resource number 0x9c020200
W/ResourceType(  952): No known package when getting name for resource number 0x9c020300
W/ResourceType(  952): No known package when getting name for resource number 0x9c020001
W/ResourceType(  952): No known package when getting name for resource number 0x9c020101
W/ResourceType(  952): No known package when getting name for resource number 0x9c020201
W/ResourceType(  952): No known package when getting name for resource number 0x9c020301
W/ResourceType(  952): No known package when getting name for resource number 0x9c020002
W/ResourceType(  952): No known package when getting name for resource number 0x9c020102
W/ResourceType(  952): No known package when getting name for resource number 0x9c020202
W/ResourceType(  952): No known package when getting name for resource number 0x9c020302
W/ResourceType(  952): No known package when getting name for resource number 0x9c020003
W/ResourceType(  952): No known package when getting name for resource number 0x9c020103
W/ResourceType(  952): No known package when getting name for resource number 0x9c020203
W/ResourceType(  952): No known package when getting name for resource number 0x9c020303
W/ResourceType(  952): No known package when getting name for resource number 0x9b000000
W/ResourceType(  952): No known package when getting name for resource number 0x9b010100
W/ResourceType(  952): No known package when getting name for resource number 0x9b030300
W/ResourceType(  952): No known package when getting name for resource number 0x9b040400
W/ResourceType(  952): No known package when getting name for resource number 0x9c040000
W/ResourceType(  952): No known package when getting name for resource number 0x9c040100
W/ResourceType(  952): No known package when getting name for resource number 0x9c040200
W/ResourceType(  952): No known package when getting name for resource number 0x9c030000
W/ResourceType(  952): No known package when getting name for resource number 0x9c010000
W/ResourceType(  952): No known package when getting name for resource number 0x9b000000
W/ResourceType(  952): No known package when getting name for resource number 0x9b010100
W/ResourceType(  952): No known package when getting name for resource number 0x9b030300
W/ResourceType(  952): No known package when getting name for resource number 0x9b040400
W/ResourceType(  952): No known package when getting name for resource number 0x9c040000
W/ResourceType(  952): No known package when getting name for resource number 0x9c040100
W/ResourceType(  952): No known package when getting name for resource number 0x9c040200
W/ResourceType(  952): No known package when getting name for resource number 0x9c030000
W/art     (11104): JNI RegisterNativeMethods: attempt to register 0 native methods for android.content.res.Configuration
W/ResourceType(  952): No known package when getting name for resource number 0x9c010000
W/ResourceType(  952): No known package when getting name for resource number 0x9b000000
W/ResourceType(  952): No known package when getting name for resource number 0x9b010100
W/ResourceType(  952): No known package when getting name for resource number 0x9b030300
W/ResourceType(  952): No known package when getting name for resource number 0x9b040400
W/ResourceType(  952): No known package when getting name for resource number 0x9c040000
W/ResourceType(  952): No known package when getting name for resource number 0x9c040100
W/ResourceType(  952): No known package when getting name for resource number 0x9c040200
W/ResourceType(  952): No known package when getting name for resource number 0x9c030000
W/ResourceType(  952): No known package when getting name for resource number 0x9c010000
D/AndroidRuntime(11104): Calling main entry com.android.commands.am.Am
W/ResourceType(  952): No known package when getting name for resource number 0x9b000000
W/ResourceType(  952): No known package when getting name for resource number 0x9b010100
W/ResourceType(  952): No known package when getting name for resource number 0x9b030300
W/ResourceType(  952): No known package when getting name for resource number 0x9b040400
W/ResourceType(  952): No known package when getting name for resource number 0x9c040000
W/ResourceType(  952): No known package when getting name for resource number 0x9c040100
W/ResourceType(  952): No known package when getting name for resource number 0x9c040200
W/ResourceType(  952): No known package when getting name for resource number 0x9c030000
W/ResourceType(  952): No known package when getting name for resource number 0x9c010000
I/ActivityManager(  620): Force stopping com.android.calculator2 appid=10029 user=0: from pid 11104
I/ActivityManager(  620): Killing 10918:com.android.calculator2/u0a29 (adj 7): stop com.android.calculator2
I/ActivityManager(  620):   Force finishing activity ActivityRecord{658d6d10 u0 com.android.calculator2/.Calculator t45}
I/LBE-Sec (  620): process [pid=10918, uid=10029] died
I/WindowState(  620): WIN DEATH: Window{64eb7ea0 u0 com.android.calculator2/com.android.calculator2.Calculator}
W/ResourceType(  952): No known package when getting name for resource number 0x9b000000
W/ResourceType(  952): No known package when getting name for resource number 0x9b010100
W/ResourceType(  952): No known package when getting name for resource number 0x9b030300
W/ResourceType(  952): No known package when getting name for resource number 0x9b040400
W/ResourceType(  952): No known package when getting name for resource number 0x9c040000
W/ResourceType(  952): No known package when getting name for resource number 0x9c040100
W/ResourceType(  952): No known package when getting name for resource number 0x9c040200
W/ResourceType(  952): No known package when getting name for resource number 0x9c030000
W/ResourceType(  952): No known package when getting name for resource number 0x9c010000
W/ResourceType(  952): No known package when getting name for resource number 0x9b000000
W/ResourceType(  952): No known package when getting name for resource number 0x9b010100
W/ResourceType(  952): No known package when getting name for resource number 0x9b030300
W/ResourceType(  952): No known package when getting name for resource number 0x9b040400
W/ResourceType(  952): No known package when getting name for resource number 0x9c040000
W/ResourceType(  952): No known package when getting name for resource number 0x9c040100
W/ResourceType(  952): No known package when getting name for resource number 0x9c040200
W/ResourceType(  952): No known package when getting name for resource number 0x9c030000
W/ResourceType(  952): No known package when getting name for resource number 0x9c010000
W/ResourceType(  952): No known package when getting name for resource number 0x9b000000
W/ResourceType(  952): No known package when getting name for resource number 0x9b010100
W/ResourceType(  952): No known package when getting name for resource number 0x9b030300
W/ResourceType(  952): No known package when getting name for resource number 0x9b040400
W/ResourceType(  952): No known package when getting name for resource number 0x9c040000
W/ResourceType(  952): No known package when getting name for resource number 0x9c040100
W/ResourceType(  952): No known package when getting name for resource number 0x9c040200
W/ResourceType(  952): No known package when getting name for resource number 0x9c030000
W/ResourceType(  952): No known package when getting name for resource number 0x9c010000
W/ResourceType(  952): No known package when getting name for resource number 0x9b000000
W/ResourceType(  952): No known package when getting name for resource number 0x9b010100
W/ResourceType(  952): No known package when getting name for resource number 0x9b030300
W/ResourceType(  952): No known package when getting name for resource number 0x9b040400
W/ResourceType(  952): No known package when getting name for resource number 0x9c040000
W/ResourceType(  952): No known package when getting name for resource number 0x9c040100
W/ResourceType(  952): No known package when getting name for resource number 0x9c040200
W/ResourceType(  952): No known package when getting name for resource number 0x9c030000
W/ResourceType(  952): No known package when getting name for resource number 0x9c010000
W/ResourceType(  952): No known package when getting name for resource number 0x9b000000
W/ResourceType(  952): No known package when getting name for resource number 0x9b010100
W/ResourceType(  952): No known package when getting name for resource number 0x9b030300
W/ResourceType(  952): No known package when getting name for resource number 0x9b040400
W/ResourceType(  952): No known package when getting name for resource number 0x9c040000
W/ResourceType(  952): No known package when getting name for resource number 0x9c040100
W/ResourceType(  952): No known package when getting name for resource number 0x9c040200
W/ResourceType(  952): No known package when getting name for resource number 0x9c030000
W/ResourceType(  952): No known package when getting name for resource number 0x9c010000
W/ResourceType(  952): No known package when getting name for resource number 0x9b000000
W/ResourceType(  952): No known package when getting name for resource number 0x9b010100
W/ResourceType(  952): No known package when getting name for resource number 0x9b030300
W/ResourceType(  952): No known package when getting name for resource number 0x9b040400
W/ResourceType(  952): No known package when getting name for resource number 0x9c040000
W/ResourceType(  952): No known package when getting name for resource number 0x9c040100
W/ResourceType(  952): No known package when getting name for resource number 0x9c040200
W/ResourceType(  952): No known package when getting name for resource number 0x9c030000
W/ResourceType(  952): No known package when getting name for resource number 0x9c010000
W/ResourceType(  952): No known package when getting name for resource number 0x9b000000
W/ResourceType(  952): No known package when getting name for resource number 0x9b010100
W/ResourceType(  952): No known package when getting name for resource number 0x9b030300
W/ResourceType(  952): No known package when getting name for resource number 0x9b040400
W/ResourceType(  952): No known package when getting name for resource number 0x9c040000
W/ResourceType(  952): No known package when getting name for resource number 0x9c040100
W/ResourceType(  952): No known package when getting name for resource number 0x9c040200
W/ResourceType(  952): No known package when getting name for resource number 0x9c030000
W/ResourceType(  952): No known package when getting name for resource number 0x9c010000
W/ResourceType(  952): No known package when getting name for resource number 0x9b000000
W/ResourceType(  952): No known package when getting name for resource number 0x9b010100
W/ResourceType(  952): No known package when getting name for resource number 0x9b030300
W/ResourceType(  952): No known package when getting name for resource number 0x9b040400
W/ResourceType(  952): No known package when getting name for resource number 0x9c040000
W/ResourceType(  952): No known package when getting name for resource number 0x9c040100
W/ResourceType(  952): No known package when getting name for resource number 0x9c040200
W/ResourceType(  952): No known package when getting name for resource number 0x9c030000
W/ResourceType(  952): No known package when getting name for resource number 0x9c010000
W/ResourceType(  952): No known package when getting name for resource number 0x9b000000
W/ResourceType(  952): No known package when getting name for resource number 0x9b010100
W/ResourceType(  952): No known package when getting name for resource number 0x9b030300
W/ResourceType(  952): No known package when getting name for resource number 0x9b040400
W/ResourceType(  952): No known package when getting name for resource number 0x9c040000
W/ResourceType(  952): No known package when getting name for resource number 0x9c040100
W/ResourceType(  952): No known package when getting name for resource number 0x9c040200
W/ResourceType(  952): No known package when getting name for resource number 0x9c030000
W/ResourceType(  952): No known package when getting name for resource number 0x9c010000
W/ResourceType(  952): No known package when getting name for resource number 0x9b000000
W/ResourceType(  952): No known package when getting name for resource number 0x9b010100
W/ResourceType(  952): No known package when getting name for resource number 0x9b030300
W/ResourceType(  952): No known package when getting name for resource number 0x9b040400
W/ResourceType(  952): No known package when getting name for resource number 0x9c040000
W/ResourceType(  952): No known package when getting name for resource number 0x9c040100
W/ResourceType(  952): No known package when getting name for resource number 0x9c040200
W/ResourceType(  952): No known package when getting name for resource number 0x9c030000
W/ResourceType(  952): No known package when getting name for resource number 0x9c010000
W/ResourceType(  952): No known package when getting name for resource number 0x9b000000
W/ResourceType(  952): No known package when getting name for resource number 0x9b010100
W/ResourceType(  952): No known package when getting name for resource number 0x9b030300
W/ResourceType(  952): No known package when getting name for resource number 0x9b040400
W/ResourceType(  952): No known package when getting name for resource number 0x9c040000
W/ResourceType(  952): No known package when getting name for resource number 0x9c040100
W/ResourceType(  952): No known package when getting name for resource number 0x9c040200
W/ResourceType(  952): No known package when getting name for resource number 0x9c030000
W/ResourceType(  952): No known package when getting name for resource number 0x9c010000
W/ResourceType(  952): No known package when getting name for resource number 0x9b000000
W/ResourceType(  952): No known package when getting name for resource number 0x9b010100
W/ResourceType(  952): No known package when getting name for resource number 0x9b030300
W/ResourceType(  952): No known package when getting name for resource number 0x9b040400
W/ResourceType(  952): No known package when getting name for resource number 0x9c040000
W/ResourceType(  952): No known package when getting name for resource number 0x9c040100
W/ResourceType(  952): No known package when getting name for resource number 0x9c040200
W/ResourceType(  952): No known package when getting name for resource number 0x9c030000
W/ResourceType(  952): No known package when getting name for resource number 0x9c010000
W/ResourceType(  952): No known package when getting name for resource number 0x9b000000
W/ResourceType(  952): No known package when getting name for resource number 0x9b010100
W/ResourceType(  952): No known package when getting name for resource number 0x9b030300
W/ResourceType(  952): No known package when getting name for resource number 0x9b040400
W/ResourceType(  952): No known package when getting name for resource number 0x9c040000
W/ResourceType(  952): No known package when getting name for resource number 0x9c040100
W/ResourceType(  952): No known package when getting name for resource number 0x9c040200
W/ResourceType(  952): No known package when getting name for resource number 0x9c030000
W/ResourceType(  952): No known package when getting name for resource number 0x9c010000
W/ResourceType(  952): No known package when getting name for resource number 0x9b000000
W/ResourceType(  952): No known package when getting name for resource number 0x9b010100
W/ResourceType(  952): No known package when getting name for resource number 0x9b030300
W/ResourceType(  952): No known package when getting name for resource number 0x9b040400
W/ResourceType(  952): No known package when getting name for resource number 0x9c040000
W/ResourceType(  952): No known package when getting name for resource number 0x9c040100
W/ResourceType(  952): No known package when getting name for resource number 0x9c040200
W/ResourceType(  952): No known package when getting name for resource number 0x9c030000
W/ResourceType(  952): No known package when getting name for resource number 0x9c010000
W/ResourceType(  952): No known package when getting name for resource number 0x9b000000
W/ResourceType(  952): No known package when getting name for resource number 0x9b010100
W/ResourceType(  952): No known package when getting name for resource number 0x9b030300
W/ResourceType(  952): No known package when getting name for resource number 0x9b040400
W/ResourceType(  952): No known package when getting name for resource number 0x9c040000
W/ResourceType(  952): No known package when getting name for resource number 0x9c040100
W/ResourceType(  952): No known package when getting name for resource number 0x9c040200
W/ResourceType(  952): No known package when getting name for resource number 0x9c030000
W/ResourceType(  952): No known package when getting name for resource number 0x9c010000
W/ResourceType(  952): No known package when getting name for resource number 0x9b000000
W/ResourceType(  952): No known package when getting name for resource number 0x9b010100
W/ResourceType(  952): No known package when getting name for resource number 0x9b030300
W/ResourceType(  952): No known package when getting name for resource number 0x9b040400
W/ResourceType(  952): No known package when getting name for resource number 0x9c040000
W/ResourceType(  952): No known package when getting name for resource number 0x9c040100
W/ResourceType(  952): No known package when getting name for resource number 0x9c040200
W/ResourceType(  952): No known package when getting name for resource number 0x9c030000
W/ResourceType(  952): No known package when getting name for resource number 0x9c010000
I/ActivityManager(  620): START u0 {act=android.intent.action.MAIN cat=[android.intent.category.LAUNCHER] flg=0x10200000 cmp=com.android.calculator2/.Calculator} from pid 11104
D/AndroidRuntime(11104): Shutting down VM
W/art     (  176): Could not get current activity
I/ActivityManager(  620): Start proc com.android.calculator2 for activity com.android.calculator2/.Calculator: pid=11124 uid=10029 gids={50029}
W/ResourceType(  952): No known package when getting name for resource number 0x9b000000
W/ResourceType(  952): No known package when getting name for resource number 0x9b010100
W/ResourceType(  952): No known package when getting name for resource number 0x9b030300
W/ResourceType(  952): No known package when getting name for resource number 0x9b040400
W/ResourceType(  952): No known package when getting name for resource number 0x9c040000
W/ResourceType(  952): No known package when getting name for resource number 0x9c040100
W/ResourceType(  952): No known package when getting name for resource number 0x9c040200
W/ResourceType(  952): No known package when getting name for resource number 0x9c030000
W/ResourceType(  952): No known package when getting name for resource number 0x9c010000
W/ResourceType(  952): No known package when getting name for resource number 0x9b000000
W/ResourceType(  952): No known package when getting name for resource number 0x9b010100
W/ResourceType(  952): No known package when getting name for resource number 0x9b030300
W/ResourceType(  952): No known package when getting name for resource number 0x9b040400
W/ResourceType(  952): No known package when getting name for resource number 0x9c040000
W/ResourceType(  952): No known package when getting name for resource number 0x9c040100
W/ResourceType(  952): No known package when getting name for resource number 0x9c040200
W/ResourceType(  952): No known package when getting name for resource number 0x9c030000
W/ResourceType(  952): No known package when getting name for resource number 0x9c010000
E/rsC++   (  952): RS Message thread exiting.
E/QueryController(11078): Got null root node from accessibility - Retrying...
W/art     (11124): Failed to find ELF magic in /system/app/Calculator.odex: dey
E/QueryController(11078): Got null root node from accessibility - Retrying...
I/Adreno-EGL(11124): <qeglDrvAPI_eglInitialize:320>: EGL 1.4 QUALCOMM Build: I0404c4692afb8623f95c43aeb6d5e13ed4b30ddbDate: 11/06/13
D/OpenGLRenderer(11124): Enabling debug mode 0
E/QueryController(11078): Got null root node from accessibility - Retrying...
I/ActivityManager(  620): Displayed com.android.calculator2/.Calculator: +757ms
I/LBE-Sec (  620): com.google.android.gms wakes from alarm
D/AndroidRuntime(11177): 
D/AndroidRuntime(11177): >>>>>> AndroidRuntime START com.android.internal.os.RuntimeInit <<<<<<
D/AndroidRuntime(11177): CheckJNI is OFF
E/art     (11177): Unrecognized option -XX:mainThreadStackSize=24K
W/art     (11177): Ignoring unknown -Xgc option: precise
W/art     (11177): Failed to find ELF magic in /system/framework/input.odex: dey
W/art     (11177): JNI RegisterNativeMethods: attempt to register 0 native methods for android.content.res.Configuration
D/AndroidRuntime(11177): Calling main entry com.android.commands.input.Input
I/Input   (11177): injectKeyEvent: KeyEvent { action=ACTION_DOWN, keyCode=KEYCODE_HOME, scanCode=0, metaState=0, flags=0x0, repeatCount=0, eventTime=34223520, downTime=34223520, deviceId=-1, source=0x101 }
I/Input   (11177): injectKeyEvent: KeyEvent { action=ACTION_UP, keyCode=KEYCODE_HOME, scanCode=0, metaState=0, flags=0x0, repeatCount=0, eventTime=34223520, downTime=34223520, deviceId=-1, source=0x101 }
I/ActivityManager(  620): START u0 {act=android.intent.action.MAIN cat=[android.intent.category.HOME] flg=0x10200000 cmp=com.android.launcher/com.android.launcher2.Launcher} from pid 620
D/AndroidRuntime(11177): Shutting down VM
I/Adreno-EGL(  952): <qeglDrvAPI_eglInitialize:320>: EGL 1.4 QUALCOMM Build: I0404c4692afb8623f95c43aeb6d5e13ed4b30ddbDate: 11/06/13
W/InputMethodManagerService(  620): Window already focused, ignoring focus gain of: com.android.internal.view.IInputMethodClient$Stub$Proxy@65894be8 attribute=null, token = android.os.BinderProxy@658eb658
W/QueryController(11078): AccessibilityNodeInfo returned a null child (2 of 4)
W/QueryController(11078): parent = android.view.accessibility.AccessibilityNodeInfo@12602; boundsInParent: Rect(0, 0 - 768, 196); boundsInScreen: Rect(0, 988 - 768, 1184); packageName: com.android.calculator2; className: android.widget.LinearLayout; text: null; contentDescription: null; viewIdResName: null; checkable: false; checked: false; focusable: false; focused: false; selected: false; clickable: false; longClickable: false; enabled: true; password: false; scrollable: false; [ACTION_SELECT, ACTION_CLEAR_SELECTION, ACTION_ACCESSIBILITY_FOCUS]
W/QueryController(11078): AccessibilityNodeInfo returned a null child (3 of 4)
V/RenderScript(  952): Application requested CPU execution
V/RenderScript(  952): 0x486be818 Launching thread(s), CPUs 4
I/AndroidRuntime(11078): VM exiting with result code 0.
I/LBE-Sec (  620): uid 10004 white listed
I/LBE-Sec (  620): on remove alarm Alarm{packageName='com.google.android.gms', type=2, when=-40 seconds, windowLength=-1, repeatInterval=0 seconds, operation=PendingIntent{6590ad80: PendingIntentRecord{657ce138 com.google.android.gms broadcastIntent}}, workSource=null, disabled=false}
I/LBE-Sec (  620): on add alarm Alarm{packageName='com.google.android.gms', type=2, when=22 seconds, windowLength=-1, repeatInterval=0 seconds, operation=PendingIntent{658ac888: PendingIntentRecord{657ce138 com.google.android.gms broadcastIntent}}, workSource=null, disabled=false}
D/ConnectivityService(  620): handleInetConditionHoldEnd: net=1, condition=0, published condition=0
I/PowerManagerService(  620): Going to sleep due to screen timeout...
I/LBE-Sec (  620): com.google.android.gms wakes from alarm
D/SurfaceFlinger(  175): Screen released, type=0 flinger=0xb7865450
D/SurfaceControl(  620): Excessive delay in blankDisplay() while turning screen off: 184ms
E/ANDR-PERF-LOCK(  186): Failed to apply optimization for resource: 4 level: 0
I/LBE-Sec (  620): on add alarm Alarm{packageName='com.android.keyguard', type=2, when=29 seconds, windowLength=0, repeatInterval=0 seconds, operation=PendingIntent{65e613d0: PendingIntentRecord{65fab860 com.android.keyguard broadcastIntent}}, workSource=null, disabled=false}
W/art     (  176): Could not get current activity
I/ActivityManager(  620): Start proc android.process.acore for content provider com.android.providers.userdictionary/.UserDictionaryProvider: pid=11231 uid=10003 gids={50003, 3003, 1028, 1015}
D/LBE-Sec (  620): screen state changed to off
I/art     (  620): Heap trim of managed (duration=38.455668ms, advised=2MB) and native (duration=6.348238ms, advised=468KB) heaps. Managed heap utilization of 66%.
I/LBE-Sec (  620): on add alarm Alarm{packageName='com.google.android.gms', type=2, when=30 seconds, windowLength=-1, repeatInterval=0 seconds, operation=PendingIntent{65e7df58: PendingIntentRecord{65ae43b8 com.google.android.gms broadcastIntent}}, workSource=null, disabled=false}
W/art     (11231): Failed to find ELF magic in /system/app/UserDictionaryProvider.odex: dey
W/art     (11231): Failed to find ELF magic in /system/priv-app/ContactsProvider.odex: dey
I/ContactLocale(11231): AddressBook Labels [zh_CN]: [, A, B, C, D, E, F, G, H, I, J, K, L, M, N, O, P, Q, R, S, T, U, V, W, X, Y, Z, , , , , , , , , , , , , , , , , , , , , , , , , , , , , , , , , , , , , , , , , , , , , , , , , , , , , , , , , , , , , , , , , , , , , , , , , , , , , , , , , , , , , , , , , , , , , , , , , , , , , , , , , , , , , , , , , , , , , , , , , , , , , , , , , , , , , , , , , , , , , , , , , , , , , , , , , , , , #, ]
D/LBE-Sec (  620): disabled force wakelock removal timer
I/LBE-Sec (  620): com.android.keyguard wakes from alarm
I/LBE-Sec (  620): manually disabled alarm Alarm{packageName='com.android.keyguard', type=2, when=-11118 seconds, windowLength=0, repeatInterval=0 seconds, operation=PendingIntent{65908ea8: PendingIntentRecord{659c5ca0 com.android.keyguard broadcastIntent}}, workSource=null, disabled=false}
I/LBE-Sec (  620): manually disabled alarm Alarm{packageName='com.android.keyguard', type=2, when=-2673 seconds, windowLength=0, repeatInterval=0 seconds, operation=PendingIntent{656c6448: PendingIntentRecord{65addc88 com.android.keyguard broadcastIntent}}, workSource=null, disabled=false}
I/LBE-Sec (  620): manually disabled alarm Alarm{packageName='com.android.keyguard', type=2, when=-5831 seconds, windowLength=0, repeatInterval=0 seconds, operation=PendingIntent{65975188: PendingIntentRecord{65bae9d0 com.android.keyguard broadcastIntent}}, workSource=null, disabled=false}
I/LBE-Sec (  620): manually disabled alarm Alarm{packageName='com.android.keyguard', type=2, when=-483 seconds, windowLength=0, repeatInterval=0 seconds, operation=PendingIntent{65d8a298: PendingIntentRecord{65d8a1a0 com.android.keyguard broadcastIntent}}, workSource=null, disabled=false}
I/LBE-Sec (  620): manually disabled alarm Alarm{packageName='com.android.keyguard', type=2, when=-1339 seconds, windowLength=0, repeatInterval=0 seconds, operation=PendingIntent{655094d0: PendingIntentRecord{65ad36c8 com.android.keyguard broadcastIntent}}, workSource=null, disabled=false}
I/LBE-Sec (  620): manually disabled alarm Alarm{packageName='com.android.keyguard', type=2, when=-2590 seconds, windowLength=0, repeatInterval=0 seconds, operation=PendingIntent{64eb6460: PendingIntentRecord{64eb80d0 com.android.keyguard broadcastIntent}}, workSource=null, disabled=false}
I/LBE-Sec (  620): manually disabled alarm Alarm{packageName='com.android.keyguard', type=2, when=-5627 seconds, windowLength=0, repeatInterval=0 seconds, operation=PendingIntent{658c0280: PendingIntentRecord{65676160 com.android.keyguard broadcastIntent}}, workSource=null, disabled=false}
I/LBE-Sec (  620): manually disabled alarm Alarm{packageName='com.android.keyguard', type=2, when=-3767 seconds, windowLength=0, repeatInterval=0 seconds, operation=PendingIntent{65d89dd0: PendingIntentRecord{65d89d70 com.android.keyguard broadcastIntent}}, workSource=null, disabled=false}
I/LBE-Sec (  620): manually disabled alarm Alarm{packageName='com.android.keyguard', type=2, when=-31705 seconds, windowLength=0, repeatInterval=0 seconds, operation=PendingIntent{65911860: PendingIntentRecord{659f2d20 com.android.keyguard broadcastIntent}}, workSource=null, disabled=false}
I/LBE-Sec (  620): manually disabled alarm Alarm{packageName='com.android.keyguard', type=2, when=-34010 seconds, windowLength=0, repeatInterval=0 seconds, operation=PendingIntent{658b5690: PendingIntentRecord{6569e2c0 com.android.keyguard broadcastIntent}}, workSource=null, disabled=false}
I/LBE-Sec (  620): manually disabled alarm Alarm{packageName='com.android.keyguard', type=2, when=0 seconds, windowLength=0, repeatInterval=0 seconds, operation=PendingIntent{65e613d0: PendingIntentRecord{65fab860 com.android.keyguard broadcastIntent}}, workSource=null, disabled=false}
I/LBE-Sec (  620): manually disabled alarm Alarm{packageName='com.android.keyguard', type=2, when=-32787 seconds, windowLength=0, repeatInterval=0 seconds, operation=PendingIntent{6597d308: PendingIntentRecord{6597d180 com.android.keyguard broadcastIntent}}, workSource=null, disabled=false}
V/KeyguardHostView(  711): Initial transport state: 0, pbstate=2
I/LBE-Sec (  620): manually disabled alarm Alarm{packageName='com.android.keyguard', type=2, when=-29589 seconds, windowLength=0, repeatInterval=0 seconds, operation=PendingIntent{655df0b0: PendingIntentRecord{6566b6c8 com.android.keyguard broadcastIntent}}, workSource=null, disabled=false}
I/LBE-Sec (  620): manually disabled alarm Alarm{packageName='com.android.keyguard', type=2, when=-34088 seconds, windowLength=0, repeatInterval=0 seconds, operation=PendingIntent{65425290: PendingIntentRecord{65a81498 com.android.keyguard broadcastIntent}}, workSource=null, disabled=false}
I/LBE-Sec (  620): manually disabled alarm Alarm{packageName='com.android.keyguard', type=2, when=-29526 seconds, windowLength=0, repeatInterval=0 seconds, operation=PendingIntent{65a374d8: PendingIntentRecord{65f6c3f0 com.android.keyguard broadcastIntent}}, workSource=null, disabled=false}
I/LBE-Sec (  620): manually disabled alarm Alarm{packageName='com.android.keyguard', type=2, when=-6180 seconds, windowLength=0, repeatInterval=0 seconds, operation=PendingIntent{64ee6488: PendingIntentRecord{65e84a80 com.android.keyguard broadcastIntent}}, workSource=null, disabled=false}
I/LBE-Sec (  620): manually disabled alarm Alarm{packageName='com.android.keyguard', type=2, when=-22844 seconds, windowLength=0, repeatInterval=0 seconds, operation=PendingIntent{65d96d70: PendingIntentRecord{65db9c70 com.android.keyguard broadcastIntent}}, workSource=null, disabled=false}
I/LBE-Sec (  620): manually disabled alarm Alarm{packageName='com.android.keyguard', type=2, when=-3159 seconds, windowLength=0, repeatInterval=0 seconds, operation=PendingIntent{64e92e38: PendingIntentRecord{655d1638 com.android.keyguard broadcastIntent}}, workSource=null, disabled=false}
I/LBE-Sec (  620): manually disabled alarm Alarm{packageName='com.android.keyguard', type=2, when=-5085 seconds, windowLength=0, repeatInterval=0 seconds, operation=PendingIntent{655dc270: PendingIntentRecord{6562c8a8 com.android.keyguard broadcastIntent}}, workSource=null, disabled=false}
I/LBE-Sec (  620): manually disabled alarm Alarm{packageName='com.android.keyguard', type=2, when=-14633 seconds, windowLength=0, repeatInterval=0 seconds, operation=PendingIntent{6590f0e8: PendingIntentRecord{65906c78 com.android.keyguard broadcastIntent}}, workSource=null, disabled=false}
I/LBE-Sec (  620): manually disabled alarm Alarm{packageName='com.android.keyguard', type=2, when=-28071 seconds, windowLength=0, repeatInterval=0 seconds, operation=PendingIntent{65e5b4c8: PendingIntentRecord{65e5b468 com.android.keyguard broadcastIntent}}, workSource=null, disabled=false}
I/LBE-Sec (  620): manually disabled alarm Alarm{packageName='com.android.keyguard', type=2, when=-25666 seconds, windowLength=0, repeatInterval=0 seconds, operation=PendingIntent{65a00b88: PendingIntentRecord{65a6a078 com.android.keyguard broadcastIntent}}, workSource=null, disabled=false}
I/LBE-Sec (  620): manually disabled alarm Alarm{packageName='com.android.keyguard', type=2, when=-25350 seconds, windowLength=0, repeatInterval=0 seconds, operation=PendingIntent{659ad600: PendingIntentRecord{65a6fc00 com.android.keyguard broadcastIntent}}, workSource=null, disabled=false}
I/LBE-Sec (  620): manually disabled alarm Alarm{packageName='com.android.keyguard', type=2, when=-3910 seconds, windowLength=0, repeatInterval=0 seconds, operation=PendingIntent{659de720: PendingIntentRecord{659f52e0 com.android.keyguard broadcastIntent}}, workSource=null, disabled=false}
I/LBE-Sec (  620): manually disabled alarm Alarm{packageName='com.android.keyguard', type=2, when=-22677 seconds, windowLength=0, repeatInterval=0 seconds, operation=PendingIntent{65ded9a0: PendingIntentRecord{65dee5a0 com.android.keyguard broadcastIntent}}, workSource=null, disabled=false}
I/LBE-Sec (  620): manually disabled alarm Alarm{packageName='com.android.keyguard', type=2, when=-31630 seconds, windowLength=0, repeatInterval=0 seconds, operation=PendingIntent{6548acc0: PendingIntentRecord{65a4b918 com.android.keyguard broadcastIntent}}, workSource=null, disabled=false}
I/LBE-Sec (  620): manually disabled alarm Alarm{packageName='com.android.keyguard', type=2, when=-160 seconds, windowLength=0, repeatInterval=0 seconds, operation=PendingIntent{65a00358: PendingIntentRecord{65ad0da0 com.android.keyguard broadcastIntent}}, workSource=null, disabled=false}
I/LBE-Sec (  620): manually disabled alarm Alarm{packageName='com.android.keyguard', type=2, when=-2138 seconds, windowLength=0, repeatInterval=0 seconds, operation=PendingIntent{65a26520: PendingIntentRecord{65a85b30 com.android.keyguard broadcastIntent}}, workSource=null, disabled=false}
I/LBE-Sec (  620): manually disabled alarm Alarm{packageName='com.android.keyguard', type=2, when=-3444 seconds, windowLength=0, repeatInterval=0 seconds, operation=PendingIntent{65d89c90: PendingIntentRecord{65d89bf0 com.android.keyguard broadcastIntent}}, workSource=null, disabled=false}
I/LBE-Sec (  620): manually disabled alarm Alarm{packageName='com.android.keyguard', type=2, when=-2305 seconds, windowLength=0, repeatInterval=0 seconds, operation=PendingIntent{653e6768: PendingIntentRecord{64e62f38 com.android.keyguard broadcastIntent}}, workSource=null, disabled=false}
I/LBE-Sec (  620): manually disabled alarm Alarm{packageName='com.android.keyguard', type=2, when=-4884 seconds, windowLength=0, repeatInterval=0 seconds, operation=PendingIntent{654ffea0: PendingIntentRecord{658cdd18 com.android.keyguard broadcastIntent}}, workSource=null, disabled=false}
I/LBE-Sec (  620): manually disabled alarm Alarm{packageName='com.android.keyguard', type=2, when=-16515 seconds, windowLength=0, repeatInterval=0 seconds, operation=PendingIntent{65b5b2c8: PendingIntentRecord{65ca7858 com.android.keyguard broadcastIntent}}, workSource=null, disabled=false}
I/LBE-Sec (  620): manually disabled alarm Alarm{packageName='com.android.keyguard', type=2, when=-33787 seconds, windowLength=0, repeatInterval=0 seconds, operation=PendingIntent{6596c8a8: PendingIntentRecord{6599cb68 com.android.keyguard broadcastIntent}}, workSource=null, disabled=false}
I/LBE-Sec (  620): manually disabled alarm Alarm{packageName='com.android.keyguard', type=2, when=-32516 seconds, windowLength=0, repeatInterval=0 seconds, operation=PendingIntent{65bbb910: PendingIntentRecord{65cdc6a8 com.android.keyguard broadcastIntent}}, workSource=null, disabled=false}
I/LBE-Sec (  620): manually disabled alarm Alarm{packageName='com.android.keyguard', type=2, when=-12390 seconds, windowLength=0, repeatInterval=0 seconds, operation=PendingIntent{65470478: PendingIntentRecord{65684ed8 com.android.keyguard broadcastIntent}}, workSource=null, disabled=false}
I/LBE-Sec (  620): manually disabled alarm Alarm{packageName='com.android.keyguard', type=2, when=-22915 seconds, windowLength=0, repeatInterval=0 seconds, operation=PendingIntent{65802bd0: PendingIntentRecord{65bca9d8 com.android.keyguard broadcastIntent}}, workSource=null, disabled=false}
I/LBE-Sec (  620): manually disabled alarm Alarm{packageName='com.android.keyguard', type=2, when=-33521 seconds, windowLength=0, repeatInterval=0 seconds, operation=PendingIntent{65a86f68: PendingIntentRecord{65b40b38 com.android.keyguard broadcastIntent}}, workSource=null, disabled=false}
I/LBE-Sec (  620): manually disabled alarm Alarm{packageName='com.android.keyguard', type=2, when=-6245 seconds, windowLength=0, repeatInterval=0 seconds, operation=PendingIntent{65d59728: PendingIntentRecord{65d596b0 com.android.keyguard broadcastIntent}}, workSource=null, disabled=false}
I/LBE-Sec (  620): manually disabled alarm Alarm{packageName='com.android.keyguard', type=2, when=-603 seconds, windowLength=0, repeatInterval=0 seconds, operation=PendingIntent{65658610: PendingIntentRecord{65610540 com.android.keyguard broadcastIntent}}, workSource=null, disabled=false}
I/LBE-Sec (  620): manually disabled alarm Alarm{packageName='com.android.keyguard', type=2, when=-17961 seconds, windowLength=0, repeatInterval=0 seconds, operation=PendingIntent{65ffe6e0: PendingIntentRecord{65ce8140 com.android.keyguard broadcastIntent}}, workSource=null, disabled=false}
W/art     (10119): Failed to find ELF magic in /system/priv-app/GoogleLoginService.odex: dey
I/art     (  711): Heap trim of managed (duration=9.583397ms, advised=2MB) and native (duration=4.028689ms, advised=440KB) heaps. Managed heap utilization of 43%.
V/KeyguardHostView(  711): hide transport, gen:23
V/KeyguardHostView(  711): music state changed: 2
W/View    (  711): requestLayout() improperly called by android.widget.TextClock{652b27d8 V.ED.... ......ID 128,0-508,213 #7f0a0047 app:id/clock_view} during layout: running second layout pass
W/View    (  711): requestLayout() improperly called by android.widget.TextClock{650a8e80 V.ED.... ......ID 154,0-305,38 #7f0a004c app:id/date_view} during layout: running second layout pass
W/View    (  711): requestLayout() improperly called by android.widget.TextView{650ba7e0 V.ED.... ......ID 321,0-482,38 #7f0a004d app:id/alarm_status} during layout: running second layout pass
D/PhoneStatusBar(  711): disable: < EXPAND* icons alerts TICKER* system_info BACK* HOME* RECENT* CLOCK* SEARCH* >
D/LBE-Sec (  620): disabled force wakelock removal timer
I/LBE-Sec (  620): com.google.android.gms wakes from alarm
I/LBE-Sec (  620): manually disabled alarm Alarm{packageName='com.google.android.gms', type=2, when=-10308 seconds, windowLength=0, repeatInterval=0 seconds, operation=PendingIntent{659d87d8: PendingIntentRecord{659e16b8 com.google.android.gms broadcastIntent}}, workSource=null, disabled=false}
I/LBE-Sec (  620): manually disabled alarm Alarm{packageName='com.google.android.gms', type=2, when=1826205 seconds, windowLength=-1, repeatInterval=0 seconds, operation=PendingIntent{65ab3168: PendingIntentRecord{658cbd78 com.google.android.gms startService}}, workSource=null, disabled=false}
I/LBE-Sec (  620): manually disabled alarm Alarm{packageName='com.google.android.gms', type=2, when=772 seconds, windowLength=-1, repeatInterval=0 seconds, operation=PendingIntent{65ac8468: PendingIntentRecord{6589bb70 com.google.android.gms broadcastIntent}}, workSource=null, disabled=false}
I/LBE-Sec (  620): manually disabled alarm Alarm{packageName='com.google.android.gms', type=0, when=-5746 seconds, windowLength=-1, repeatInterval=0 seconds, operation=PendingIntent{65647e20: PendingIntentRecord{65d90280 com.google.android.gms startService}}, workSource=null, disabled=false}
I/LBE-Sec (  620): manually disabled alarm Alarm{packageName='com.google.android.gms', type=2, when=1826205 seconds, windowLength=-1, repeatInterval=0 seconds, operation=PendingIntent{65aae2e0: PendingIntentRecord{65913118 com.google.android.gms startService}}, workSource=null, disabled=false}
I/LBE-Sec (  620): manually disabled alarm Alarm{packageName='com.google.android.gms', type=0, when=-34263 seconds, windowLength=0, repeatInterval=0 seconds, operation=PendingIntent{65616430: PendingIntentRecord{656850b8 com.google.android.gms startService}}, workSource=null, disabled=false}
I/LBE-Sec (  620): manually disabled alarm Alarm{packageName='com.google.android.gms', type=2, when=-1172 seconds, windowLength=0, repeatInterval=0 seconds, operation=PendingIntent{658d5b70: PendingIntentRecord{65725540 com.google.android.gms broadcastIntent}}, workSource=WorkSource{}, disabled=false}
I/LBE-Sec (  620): manually disabled alarm Alarm{packageName='com.google.android.gms', type=2, when=52120 seconds, windowLength=0, repeatInterval=86400 seconds, operation=PendingIntent{6567a280: PendingIntentRecord{656738e8 com.google.android.gms broadcastIntent}}, workSource=null, disabled=false}
I/LBE-Sec (  620): manually disabled alarm Alarm{packageName='com.google.android.gms', type=2, when=-21108 seconds, windowLength=0, repeatInterval=0 seconds, operation=PendingIntent{659684a0: PendingIntentRecord{65961690 com.google.android.gms broadcastIntent}}, workSource=null, disabled=false}
I/LBE-Sec (  620): manually disabled alarm Alarm{packageName='com.google.android.gms', type=2, when=0 seconds, windowLength=-1, repeatInterval=0 seconds, operation=PendingIntent{65e7df58: PendingIntentRecord{65ae43b8 com.google.android.gms broadcastIntent}}, workSource=null, disabled=false}
I/LBE-Sec (  620): manually disabled alarm Alarm{packageName='com.google.android.gms', type=2, when=-31 seconds, windowLength=-1, repeatInterval=0 seconds, operation=PendingIntent{658ac888: PendingIntentRecord{657ce138 com.google.android.gms broadcastIntent}}, workSource=null, disabled=false}
I/LBE-Sec (  620): manually disabled alarm Alarm{packageName='com.google.android.gms', type=2, when=-24698 seconds, windowLength=0, repeatInterval=0 seconds, operation=PendingIntent{65767868: PendingIntentRecord{655b1b18 com.google.android.gms broadcastIntent}}, workSource=null, disabled=false}
