W/InputDispatcher(  620): Attempted to unregister already unregistered input channel '64e7ee90 com.android.calculator2/com.android.calculator2.Calculator (server)'
W/ResourceType(  952): No known package when getting name for resource number 0x9b000000
W/ResourceType(  952): No known package when getting name for resource number 0x9b010100
W/ResourceType(  952): No known package when getting name for resource number 0x9b030300
W/ResourceType(  952): No known package when getting name for resource number 0x9b040400
W/ResourceType(  952): No known package when getting name for resource number 0x9c040000
W/ResourceType(  952): No known package when getting name for resource number 0x9c040100
I/WindowState(  620): WIN DEATH: Window{64e7ee90 u0 com.android.calculator2/com.android.calculator2.Calculator}
W/ResourceType(  952): No known package when getting name for resource number 0x9c040200
W/ResourceType(  952): No known package when getting name for resource number 0x9c030000
W/ResourceType(  952): No known package when getting name for resource number 0x9c010000
W/ResourceType(  952): No known package when getting name for resource number 0x9b000000
W/ResourceType(  952): No known package when getting name for resource number 0x9b010100
W/ResourceType(  952): No known package when getting name for resource number 0x9b030300
W/ResourceType(  952): No known package when getting name for resource number 0x9b040400
W/ResourceType(  952): No known package when getting name for resource number 0x9c040000
W/ResourceType(  952): No known package when getting name for resource number 0x9c040100
W/ResourceType(  952): No known package when getting name for resource number 0x9c040200
W/ResourceType(  952): No known package when getting name for resource number 0x9c030000
W/ResourceType(  952): No known package when getting name for resource number 0x9c010000
W/ResourceType(  952): No known package when getting name for resource number 0x9b000000
W/ResourceType(  952): No known package when getting name for resource number 0x9b010100
W/ResourceType(  952): No known package when getting name for resource number 0x9b030300
W/ResourceType(  952): No known package when getting name for resource number 0x9b040400
W/ResourceType(  952): No known package when getting name for resource number 0x9c040000
W/ResourceType(  952): No known package when getting name for resource number 0x9c040100
W/ResourceType(  952): No known package when getting name for resource number 0x9c040200
W/ResourceType(  952): No known package when getting name for resource number 0x9c030000
W/ResourceType(  952): No known package when getting name for resource number 0x9c010000
W/ResourceType(  952): No known package when getting name for resource number 0x9b000000
W/ResourceType(  952): No known package when getting name for resource number 0x9b010100
W/ResourceType(  952): No known package when getting name for resource number 0x9b030300
W/ResourceType(  952): No known package when getting name for resource number 0x9b040400
W/ResourceType(  952): No known package when getting name for resource number 0x9c040000
W/ResourceType(  952): No known package when getting name for resource number 0x9c040100
W/ResourceType(  952): No known package when getting name for resource number 0x9c040200
W/ResourceType(  952): No known package when getting name for resource number 0x9c030000
W/ResourceType(  952): No known package when getting name for resource number 0x9c010000
W/ResourceType(  952): No known package when getting name for resource number 0x9b000000
W/ResourceType(  952): No known package when getting name for resource number 0x9b010100
W/ResourceType(  952): No known package when getting name for resource number 0x9b030300
W/ResourceType(  952): No known package when getting name for resource number 0x9b040400
W/ResourceType(  952): No known package when getting name for resource number 0x9c040000
W/ResourceType(  952): No known package when getting name for resource number 0x9c040100
W/ResourceType(  952): No known package when getting name for resource number 0x9c040200
W/ResourceType(  952): No known package when getting name for resource number 0x9c030000
W/ResourceType(  952): No known package when getting name for resource number 0x9c010000
W/ResourceType(  952): No known package when getting name for resource number 0x9b000000
W/ResourceType(  952): No known package when getting name for resource number 0x9b010100
W/ResourceType(  952): No known package when getting name for resource number 0x9b030300
W/ResourceType(  952): No known package when getting name for resource number 0x9b040400
W/ResourceType(  952): No known package when getting name for resource number 0x9c040000
W/ResourceType(  952): No known package when getting name for resource number 0x9c040100
W/ResourceType(  952): No known package when getting name for resource number 0x9c040200
W/ResourceType(  952): No known package when getting name for resource number 0x9c030000
W/ResourceType(  952): No known package when getting name for resource number 0x9c010000
W/ResourceType(  952): No known package when getting name for resource number 0x9b000000
W/ResourceType(  952): No known package when getting name for resource number 0x9b010100
W/ResourceType(  952): No known package when getting name for resource number 0x9b030300
W/ResourceType(  952): No known package when getting name for resource number 0x9b040400
W/ResourceType(  952): No known package when getting name for resource number 0x9c040000
W/ResourceType(  952): No known package when getting name for resource number 0x9c040100
W/ResourceType(  952): No known package when getting name for resource number 0x9c040200
W/ResourceType(  952): No known package when getting name for resource number 0x9c030000
W/ResourceType(  952): No known package when getting name for resource number 0x9c010000
W/ResourceType(  952): No known package when getting name for resource number 0x9b000000
W/ResourceType(  952): No known package when getting name for resource number 0x9b010100
W/ResourceType(  952): No known package when getting name for resource number 0x9b030300
W/ResourceType(  952): No known package when getting name for resource number 0x9b040400
W/ResourceType(  952): No known package when getting name for resource number 0x9c040000
W/ResourceType(  952): No known package when getting name for resource number 0x9c040100
W/ResourceType(  952): No known package when getting name for resource number 0x9c040200
W/ResourceType(  952): No known package when getting name for resource number 0x9c030000
W/ResourceType(  952): No known package when getting name for resource number 0x9c010000
W/ResourceType(  952): No known package when getting name for resource number 0x9b000000
W/ResourceType(  952): No known package when getting name for resource number 0x9b010100
W/ResourceType(  952): No known package when getting name for resource number 0x9b030300
W/ResourceType(  952): No known package when getting name for resource number 0x9b040400
W/ResourceType(  952): No known package when getting name for resource number 0x9c040000
W/ResourceType(  952): No known package when getting name for resource number 0x9c040100
W/ResourceType(  952): No known package when getting name for resource number 0x9c040200
W/ResourceType(  952): No known package when getting name for resource number 0x9c030000
W/ResourceType(  952): No known package when getting name for resource number 0x9c010000
W/ResourceType(  952): No known package when getting name for resource number 0x9b000000
W/ResourceType(  952): No known package when getting name for resource number 0x9b010100
W/ResourceType(  952): No known package when getting name for resource number 0x9b030300
W/ResourceType(  952): No known package when getting name for resource number 0x9b040400
W/ResourceType(  952): No known package when getting name for resource number 0x9c040000
W/ResourceType(  952): No known package when getting name for resource number 0x9c040100
W/ResourceType(  952): No known package when getting name for resource number 0x9c040200
W/ResourceType(  952): No known package when getting name for resource number 0x9c030000
W/ResourceType(  952): No known package when getting name for resource number 0x9c010000
W/ResourceType(  952): No known package when getting name for resource number 0x9b000000
W/ResourceType(  952): No known package when getting name for resource number 0x9b010100
W/ResourceType(  952): No known package when getting name for resource number 0x9b030300
W/ResourceType(  952): No known package when getting name for resource number 0x9b040400
W/ResourceType(  952): No known package when getting name for resource number 0x9c040000
W/ResourceType(  952): No known package when getting name for resource number 0x9c040100
W/ResourceType(  952): No known package when getting name for resource number 0x9c040200
W/ResourceType(  952): No known package when getting name for resource number 0x9c030000
W/ResourceType(  952): No known package when getting name for resource number 0x9c010000
I/art     (  952): GcCauseBackground sticky partial concurrent mark sweep GC freed 64165(2MB) AllocSpace objects, 24(812KB) LOS objects, 12% free, 19MB/22MB, paused 7.569ms total 54.295ms
W/ResourceType(  952): No known package when getting name for resource number 0x9b000000
W/ResourceType(  952): No known package when getting name for resource number 0x9b010100
W/ResourceType(  952): No known package when getting name for resource number 0x9b030300
W/ResourceType(  952): No known package when getting name for resource number 0x9b040400
W/ResourceType(  952): No known package when getting name for resource number 0x9c040000
W/ResourceType(  952): No known package when getting name for resource number 0x9c040100
W/ResourceType(  952): No known package when getting name for resource number 0x9c040200
W/ResourceType(  952): No known package when getting name for resource number 0x9c030000
W/ResourceType(  952): No known package when getting name for resource number 0x9c010000
W/ResourceType(  952): No known package when getting name for resource number 0x9b000000
W/ResourceType(  952): No known package when getting name for resource number 0x9b010100
W/ResourceType(  952): No known package when getting name for resource number 0x9b030300
W/ResourceType(  952): No known package when getting name for resource number 0x9b040400
W/ResourceType(  952): No known package when getting name for resource number 0x9c040000
W/ResourceType(  952): No known package when getting name for resource number 0x9c040100
W/ResourceType(  952): No known package when getting name for resource number 0x9c040200
W/ResourceType(  952): No known package when getting name for resource number 0x9c030000
I/ActivityManager(  620): START u0 {act=android.intent.action.MAIN cat=[android.intent.category.LAUNCHER] flg=0x10200000 cmp=com.android.calculator2/.Calculator} from pid 10678
W/ResourceType(  952): No known package when getting name for resource number 0x9c010000
D/AndroidRuntime(10678): Shutting down VM
W/art     (  176): Could not get current activity
W/ResourceType(  952): No known package when getting name for resource number 0x9b000000
W/ResourceType(  952): No known package when getting name for resource number 0x9b010100
W/ResourceType(  952): No known package when getting name for resource number 0x9b030300
W/ResourceType(  952): No known package when getting name for resource number 0x9b040400
I/ActivityManager(  620): Start proc com.android.calculator2 for activity com.android.calculator2/.Calculator: pid=10697 uid=10029 gids={50029}
W/ResourceType(  952): No known package when getting name for resource number 0x9c040000
W/ResourceType(  952): No known package when getting name for resource number 0x9c040100
W/ResourceType(  952): No known package when getting name for resource number 0x9c040200
W/ResourceType(  952): No known package when getting name for resource number 0x9c030000
W/ResourceType(  952): No known package when getting name for resource number 0x9c010000
W/ResourceType(  952): No known package when getting name for resource number 0x9b000000
W/ResourceType(  952): No known package when getting name for resource number 0x9b010100
W/ResourceType(  952): No known package when getting name for resource number 0x9b030300
W/ResourceType(  952): No known package when getting name for resource number 0x9b040400
W/ResourceType(  952): No known package when getting name for resource number 0x9c040000
W/ResourceType(  952): No known package when getting name for resource number 0x9c040100
W/ResourceType(  952): No known package when getting name for resource number 0x9c040200
W/ResourceType(  952): No known package when getting name for resource number 0x9c030000
W/ResourceType(  952): No known package when getting name for resource number 0x9c010000
W/ResourceType(  952): No known package when getting name for resource number 0x9b000000
W/ResourceType(  952): No known package when getting name for resource number 0x9b010100
W/ResourceType(  952): No known package when getting name for resource number 0x9b030300
W/ResourceType(  952): No known package when getting name for resource number 0x9b040400
W/ResourceType(  952): No known package when getting name for resource number 0x9c040000
W/ResourceType(  952): No known package when getting name for resource number 0x9c040100
W/ResourceType(  952): No known package when getting name for resource number 0x9c040200
W/ResourceType(  952): No known package when getting name for resource number 0x9c030000
W/ResourceType(  952): No known package when getting name for resource number 0x9c010000
E/rsC++   (  952): RS Message thread exiting.
E/QueryController(10638): Got null root node from accessibility - Retrying...
W/art     (10697): Failed to find ELF magic in /system/app/Calculator.odex: dey
E/QueryController(10638): Got null root node from accessibility - Retrying...
I/Adreno-EGL(10697): <qeglDrvAPI_eglInitialize:320>: EGL 1.4 QUALCOMM Build: I0404c4692afb8623f95c43aeb6d5e13ed4b30ddbDate: 11/06/13
D/OpenGLRenderer(10697): Enabling debug mode 0
E/QueryController(10638): Got null root node from accessibility - Retrying...
I/ActivityManager(  620): Displayed com.android.calculator2/.Calculator: +713ms
I/art     (10697): GcCauseBackground sticky partial concurrent mark sweep GC freed 34561(1619KB) AllocSpace objects, 0(0B) LOS objects, 16% free, 8MB/9MB, paused 6.165ms total 55.333ms
D/AndroidRuntime(10756): 
D/AndroidRuntime(10756): >>>>>> AndroidRuntime START com.android.internal.os.RuntimeInit <<<<<<
D/AndroidRuntime(10756): CheckJNI is OFF
E/art     (10756): Unrecognized option -XX:mainThreadStackSize=24K
W/art     (10756): Ignoring unknown -Xgc option: precise
W/art     (10756): Failed to find ELF magic in /system/framework/input.odex: dey
W/art     (10756): JNI RegisterNativeMethods: attempt to register 0 native methods for android.content.res.Configuration
D/AndroidRuntime(10756): Calling main entry com.android.commands.input.Input
I/Input   (10756): injectKeyEvent: KeyEvent { action=ACTION_DOWN, keyCode=KEYCODE_HOME, scanCode=0, metaState=0, flags=0x0, repeatCount=0, eventTime=34135658, downTime=34135658, deviceId=-1, source=0x101 }
I/Input   (10756): injectKeyEvent: KeyEvent { action=ACTION_UP, keyCode=KEYCODE_HOME, scanCode=0, metaState=0, flags=0x0, repeatCount=0, eventTime=34135658, downTime=34135658, deviceId=-1, source=0x101 }
I/ActivityManager(  620): START u0 {act=android.intent.action.MAIN cat=[android.intent.category.HOME] flg=0x10200000 cmp=com.android.launcher/com.android.launcher2.Launcher} from pid 620
D/AndroidRuntime(10756): Shutting down VM
I/art     (  711): Heap trim of managed (duration=10.987334ms, advised=2MB) and native (duration=6.348237ms, advised=468KB) heaps. Managed heap utilization of 41%.
I/Adreno-EGL(  952): <qeglDrvAPI_eglInitialize:320>: EGL 1.4 QUALCOMM Build: I0404c4692afb8623f95c43aeb6d5e13ed4b30ddbDate: 11/06/13
W/InputMethodManagerService(  620): Window already focused, ignoring focus gain of: com.android.internal.view.IInputMethodClient$Stub$Proxy@657dbca0 attribute=android.view.inputmethod.EditorInfo@658fd778, token = android.os.BinderProxy@658eb658
I/AndroidRuntime(10638): VM exiting with result code 0.
V/RenderScript(  952): Application requested CPU execution
V/RenderScript(  952): 0x486be818 Launching thread(s), CPUs 4
W/ResourceType(  952): No known package when getting name for resource number 0x9b000000
W/ResourceType(  952): No known package when getting name for resource number 0x9b010100
W/ResourceType(  952): No known package when getting name for resource number 0x9b030300
W/ResourceType(  952): No known package when getting name for resource number 0x9b040400
W/ResourceType(  952): No known package when getting name for resource number 0x9c040000
W/ResourceType(  952): No known package when getting name for resource number 0x9c040100
W/ResourceType(  952): No known package when getting name for resource number 0x9c040200
W/ResourceType(  952): No known package when getting name for resource number 0x9c030000
W/ResourceType(  952): No known package when getting name for resource number 0x9c010000
I/LBE-Sec (  620): com.android.keyguard wakes from alarm
I/LBE-Sec (  620): No process found for uid 10126
I/LBE-Sec (  620): on remove alarm Alarm{packageName='com.google.android.gms', type=2, when=-40 seconds, windowLength=-1, repeatInterval=0 seconds, operation=PendingIntent{6588a5a8: PendingIntentRecord{657ce138 com.google.android.gms broadcastIntent}}, workSource=null, disabled=false}
I/LBE-Sec (  620): on add alarm Alarm{packageName='com.google.android.gms', type=2, when=5 seconds, windowLength=-1, repeatInterval=0 seconds, operation=PendingIntent{65916690: PendingIntentRecord{657ce138 com.google.android.gms broadcastIntent}}, workSource=null, disabled=false}
I/LBE-Sec (  620): uid 10004 white listed
I/LBE-Sec (  620): Background Killer is killing [com.android.providers.userdictionary] with uid 10003
I/ActivityManager(  620): Force stopping com.android.providers.userdictionary appid=10003 user=0: from pid 620
I/ActivityManager(  620): Killing 10559:android.process.acore/u0a3 (adj 9): stop com.android.providers.userdictionary
I/LBE-Sec (  620): deep killer killed 1 processes
I/LBE-Sec (  620): process [pid=10559, uid=10003] died
D/ConnectivityService(  620): handleInetConditionHoldEnd: net=1, condition=0, published condition=0
I/LBE-Sec (  620): com.google.android.gms wakes from alarm
D/AndroidRuntime(10823): 
D/AndroidRuntime(10823): >>>>>> AndroidRuntime START com.android.internal.os.RuntimeInit <<<<<<
D/AndroidRuntime(10823): CheckJNI is OFF
E/art     (10823): Unrecognized option -XX:mainThreadStackSize=24K
W/art     (10823): Ignoring unknown -Xgc option: precise
W/art     (10823): Failed to find ELF magic in /system/framework/pm.odex: dey
W/art     (10823): JNI RegisterNativeMethods: attempt to register 0 native methods for android.content.res.Configuration
D/AndroidRuntime(10823): Calling main entry com.android.commands.pm.Pm
I/PackageParser( 1347): io.appium.settings: compat added android.permission.WRITE_EXTERNAL_STORAGE
W/ActivityManager(  620): No content provider found for permission revoke: file:///data/local/tmp/settings_apk-debug.apk
W/ActivityManager(  620): No content provider found for permission revoke: file:///data/local/tmp/settings_apk-debug.apk
I/PackageManager(  620): Copying native libraries to /data/app-lib/vmdl-694831702
I/PackageParser(  620): io.appium.settings: compat added android.permission.WRITE_EXTERNAL_STORAGE
W/PackageManager(  620): Attempt to re-install io.appium.settings without first uninstalling.
D/AndroidRuntime(10823): Shutting down VM
I/art     (  620): Heap trim of managed (duration=26.491683ms, advised=2MB) and native (duration=6.256676ms, advised=500KB) heaps. Managed heap utilization of 66%.
D/AndroidRuntime(10851): 
D/AndroidRuntime(10851): >>>>>> AndroidRuntime START com.android.internal.os.RuntimeInit <<<<<<
D/AndroidRuntime(10851): CheckJNI is OFF
E/art     (10851): Unrecognized option -XX:mainThreadStackSize=24K
W/art     (10851): Ignoring unknown -Xgc option: precise
W/art     (10851): Failed to find ELF magic in /system/framework/pm.odex: dey
W/art     (10851): JNI RegisterNativeMethods: attempt to register 0 native methods for android.content.res.Configuration
D/AndroidRuntime(10851): Calling main entry com.android.commands.pm.Pm
I/PackageParser( 1347): io.appium.unlock: compat added android.permission.WRITE_EXTERNAL_STORAGE android.permission.READ_PHONE_STATE
W/ActivityManager(  620): No content provider found for permission revoke: file:///data/local/tmp/unlock_apk-debug.apk
W/ActivityManager(  620): No content provider found for permission revoke: file:///data/local/tmp/unlock_apk-debug.apk
I/PackageManager(  620): Copying native libraries to /data/app-lib/vmdl1786196452
I/PackageParser(  620): io.appium.unlock: compat added android.permission.WRITE_EXTERNAL_STORAGE android.permission.READ_PHONE_STATE
W/PackageManager(  620): Attempt to re-install io.appium.unlock without first uninstalling.
D/AndroidRuntime(10851): Shutting down VM
D/AndroidRuntime(10876): 
D/AndroidRuntime(10876): >>>>>> AndroidRuntime START com.android.internal.os.RuntimeInit <<<<<<
D/AndroidRuntime(10876): CheckJNI is OFF
E/art     (10876): Unrecognized option -XX:mainThreadStackSize=24K
W/art     (10876): Ignoring unknown -Xgc option: precise
W/art     (10876): Failed to find ELF magic in /system/framework/android.test.runner.odex: dey
W/art     (10876): Failed to find ELF magic in /system/framework/uiautomator.odex: dey
W/art     (10876): JNI RegisterNativeMethods: attempt to register 0 native methods for android.content.res.Configuration
D/AndroidRuntime(10876): Calling main entry com.android.commands.uiautomator.Launcher
I/UiWatchers(10876): Registed GUI Exception watchers
D/AndroidRuntime(10901): 
D/AndroidRuntime(10901): >>>>>> AndroidRuntime START com.android.internal.os.RuntimeInit <<<<<<
D/AndroidRuntime(10901): CheckJNI is OFF
E/art     (10901): Unrecognized option -XX:mainThreadStackSize=24K
W/art     (10901): Ignoring unknown -Xgc option: precise
W/art     (10901): Failed to find ELF magic in /system/framework/am.odex: dey
W/ResourceType(  952): No known package when getting name for resource number 0x9b000000
W/ResourceType(  952): No known package when getting name for resource number 0x9b010100
W/ResourceType(  952): No known package when getting name for resource number 0x9b030300
W/ResourceType(  952): No known package when getting name for resource number 0x9b040400
W/ResourceType(  952): No known package when getting name for resource number 0x9c040000
W/ResourceType(  952): No known package when getting name for resource number 0x9c040100
W/ResourceType(  952): No known package when getting name for resource number 0x9c040200
W/ResourceType(  952): No known package when getting name for resource number 0x9c030000
W/ResourceType(  952): No known package when getting name for resource number 0x9c010000
W/ResourceType(  952): No known package when getting name for resource number 0x9c020000
W/ResourceType(  952): No known package when getting name for resource number 0x9c020100
W/ResourceType(  952): No known package when getting name for resource number 0x9c020200
W/ResourceType(  952): No known package when getting name for resource number 0x9c020300
W/ResourceType(  952): No known package when getting name for resource number 0x9c020001
W/ResourceType(  952): No known package when getting name for resource number 0x9c020101
W/ResourceType(  952): No known package when getting name for resource number 0x9c020201
W/ResourceType(  952): No known package when getting name for resource number 0x9c020301
W/ResourceType(  952): No known package when getting name for resource number 0x9c020002
W/ResourceType(  952): No known package when getting name for resource number 0x9c020102
W/ResourceType(  952): No known package when getting name for resource number 0x9c020202
W/ResourceType(  952): No known package when getting name for resource number 0x9c020302
W/ResourceType(  952): No known package when getting name for resource number 0x9c020003
W/ResourceType(  952): No known package when getting name for resource number 0x9c020103
W/ResourceType(  952): No known package when getting name for resource number 0x9c020203
W/ResourceType(  952): No known package when getting name for resource number 0x9c020303
W/ResourceType(  952): No known package when getting name for resource number 0x9b000000
W/ResourceType(  952): No known package when getting name for resource number 0x9b010100
W/ResourceType(  952): No known package when getting name for resource number 0x9b030300
W/ResourceType(  952): No known package when getting name for resource number 0x9b040400
W/ResourceType(  952): No known package when getting name for resource number 0x9c040000
W/ResourceType(  952): No known package when getting name for resource number 0x9c040100
W/ResourceType(  952): No known package when getting name for resource number 0x9c040200
W/ResourceType(  952): No known package when getting name for resource number 0x9c030000
W/ResourceType(  952): No known package when getting name for resource number 0x9c010000
W/ResourceType(  952): No known package when getting name for resource number 0x9b000000
W/ResourceType(  952): No known package when getting name for resource number 0x9b010100
W/ResourceType(  952): No known package when getting name for resource number 0x9b030300
W/ResourceType(  952): No known package when getting name for resource number 0x9b040400
W/ResourceType(  952): No known package when getting name for resource number 0x9c040000
W/ResourceType(  952): No known package when getting name for resource number 0x9c040100
W/ResourceType(  952): No known package when getting name for resource number 0x9c040200
W/ResourceType(  952): No known package when getting name for resource number 0x9c030000
W/ResourceType(  952): No known package when getting name for resource number 0x9c010000
W/ResourceType(  952): No known package when getting name for resource number 0x9b000000
W/ResourceType(  952): No known package when getting name for resource number 0x9b010100
W/ResourceType(  952): No known package when getting name for resource number 0x9b030300
W/ResourceType(  952): No known package when getting name for resource number 0x9b040400
W/ResourceType(  952): No known package when getting name for resource number 0x9c040000
W/ResourceType(  952): No known package when getting name for resource number 0x9c040100
W/ResourceType(  952): No known package when getting name for resource number 0x9c040200
W/ResourceType(  952): No known package when getting name for resource number 0x9c030000
W/ResourceType(  952): No known package when getting name for resource number 0x9c010000
W/ResourceType(  952): No known package when getting name for resource number 0x9b000000
W/ResourceType(  952): No known package when getting name for resource number 0x9b010100
W/ResourceType(  952): No known package when getting name for resource number 0x9b030300
W/ResourceType(  952): No known package when getting name for resource number 0x9b040400
W/ResourceType(  952): No known package when getting name for resource number 0x9c040000
W/ResourceType(  952): No known package when getting name for resource number 0x9c040100
W/ResourceType(  952): No known package when getting name for resource number 0x9c040200
W/ResourceType(  952): No known package when getting name for resource number 0x9c030000
W/ResourceType(  952): No known package when getting name for resource number 0x9c010000
W/art     (10901): JNI RegisterNativeMethods: attempt to register 0 native methods for android.content.res.Configuration
W/ResourceType(  952): No known package when getting name for resource number 0x9b000000
W/ResourceType(  952): No known package when getting name for resource number 0x9b010100
W/ResourceType(  952): No known package when getting name for resource number 0x9b030300
W/ResourceType(  952): No known package when getting name for resource number 0x9b040400
W/ResourceType(  952): No known package when getting name for resource number 0x9c040000
W/ResourceType(  952): No known package when getting name for resource number 0x9c040100
W/ResourceType(  952): No known package when getting name for resource number 0x9c040200
W/ResourceType(  952): No known package when getting name for resource number 0x9c030000
W/ResourceType(  952): No known package when getting name for resource number 0x9c010000
D/AndroidRuntime(10901): Calling main entry com.android.commands.am.Am
W/ResourceType(  952): No known package when getting name for resource number 0x9b000000
W/ResourceType(  952): No known package when getting name for resource number 0x9b010100
W/ResourceType(  952): No known package when getting name for resource number 0x9b030300
W/ResourceType(  952): No known package when getting name for resource number 0x9b040400
W/ResourceType(  952): No known package when getting name for resource number 0x9c040000
W/ResourceType(  952): No known package when getting name for resource number 0x9c040100
W/ResourceType(  952): No known package when getting name for resource number 0x9c040200
W/ResourceType(  952): No known package when getting name for resource number 0x9c030000
W/ResourceType(  952): No known package when getting name for resource number 0x9c010000
I/ActivityManager(  620): Force stopping com.android.calculator2 appid=10029 user=0: from pid 10901
I/ActivityManager(  620): Killing 10697:com.android.calculator2/u0a29 (adj 7): stop com.android.calculator2
I/ActivityManager(  620):   Force finishing activity ActivityRecord{64ed18e8 u0 com.android.calculator2/.Calculator t44}
W/InputDispatcher(  620): channel '65987340 com.android.calculator2/com.android.calculator2.Calculator (server)' ~ Consumer closed input channel or an error occurred.  events=0x9
I/LBE-Sec (  620): process [pid=10697, uid=10029] died
E/InputDispatcher(  620): channel '65987340 com.android.calculator2/com.android.calculator2.Calculator (server)' ~ Channel is unrecoverably broken and will be disposed!
W/InputDispatcher(  620): Attempted to unregister already unregistered input channel '65987340 com.android.calculator2/com.android.calculator2.Calculator (server)'
W/ResourceType(  952): No known package when getting name for resource number 0x9b000000
W/ResourceType(  952): No known package when getting name for resource number 0x9b010100
W/ResourceType(  952): No known package when getting name for resource number 0x9b030300
W/ResourceType(  952): No known package when getting name for resource number 0x9b040400
I/WindowState(  620): WIN DEATH: Window{65987340 u0 com.android.calculator2/com.android.calculator2.Calculator}
W/ResourceType(  952): No known package when getting name for resource number 0x9c040000
W/ResourceType(  952): No known package when getting name for resource number 0x9c040100
W/ResourceType(  952): No known package when getting name for resource number 0x9c040200
W/ResourceType(  952): No known package when getting name for resource number 0x9c030000
W/ResourceType(  952): No known package when getting name for resource number 0x9c010000
W/ResourceType(  952): No known package when getting name for resource number 0x9b000000
W/ResourceType(  952): No known package when getting name for resource number 0x9b010100
W/ResourceType(  952): No known package when getting name for resource number 0x9b030300
W/ResourceType(  952): No known package when getting name for resource number 0x9b040400
W/ResourceType(  952): No known package when getting name for resource number 0x9c040000
W/ResourceType(  952): No known package when getting name for resource number 0x9c040100
W/ResourceType(  952): No known package when getting name for resource number 0x9c040200
W/ResourceType(  952): No known package when getting name for resource number 0x9c030000
W/ResourceType(  952): No known package when getting name for resource number 0x9c010000
W/ResourceType(  952): No known package when getting name for resource number 0x9b000000
W/ResourceType(  952): No known package when getting name for resource number 0x9b010100
W/ResourceType(  952): No known package when getting name for resource number 0x9b030300
W/ResourceType(  952): No known package when getting name for resource number 0x9b040400
W/ResourceType(  952): No known package when getting name for resource number 0x9c040000
W/ResourceType(  952): No known package when getting name for resource number 0x9c040100
W/ResourceType(  952): No known package when getting name for resource number 0x9c040200
W/ResourceType(  952): No known package when getting name for resource number 0x9c030000
W/ResourceType(  952): No known package when getting name for resource number 0x9c010000
W/ResourceType(  952): No known package when getting name for resource number 0x9b000000
W/ResourceType(  952): No known package when getting name for resource number 0x9b010100
W/ResourceType(  952): No known package when getting name for resource number 0x9b030300
W/ResourceType(  952): No known package when getting name for resource number 0x9b040400
W/ResourceType(  952): No known package when getting name for resource number 0x9c040000
W/ResourceType(  952): No known package when getting name for resource number 0x9c040100
W/ResourceType(  952): No known package when getting name for resource number 0x9c040200
W/ResourceType(  952): No known package when getting name for resource number 0x9c030000
W/ResourceType(  952): No known package when getting name for resource number 0x9c010000
W/ResourceType(  952): No known package when getting name for resource number 0x9b000000
W/ResourceType(  952): No known package when getting name for resource number 0x9b010100
W/ResourceType(  952): No known package when getting name for resource number 0x9b030300
W/ResourceType(  952): No known package when getting name for resource number 0x9b040400
W/ResourceType(  952): No known package when getting name for resource number 0x9c040000
W/ResourceType(  952): No known package when getting name for resource number 0x9c040100
W/ResourceType(  952): No known package when getting name for resource number 0x9c040200
W/ResourceType(  952): No known package when getting name for resource number 0x9c030000
W/ResourceType(  952): No known package when getting name for resource number 0x9c010000
W/ResourceType(  952): No known package when getting name for resource number 0x9b000000
W/ResourceType(  952): No known package when getting name for resource number 0x9b010100
W/ResourceType(  952): No known package when getting name for resource number 0x9b030300
W/ResourceType(  952): No known package when getting name for resource number 0x9b040400
W/ResourceType(  952): No known package when getting name for resource number 0x9c040000
W/ResourceType(  952): No known package when getting name for resource number 0x9c040100
W/ResourceType(  952): No known package when getting name for resource number 0x9c040200
W/ResourceType(  952): No known package when getting name for resource number 0x9c030000
W/ResourceType(  952): No known package when getting name for resource number 0x9c010000
W/ResourceType(  952): No known package when getting name for resource number 0x9b000000
W/ResourceType(  952): No known package when getting name for resource number 0x9b010100
W/ResourceType(  952): No known package when getting name for resource number 0x9b030300
W/ResourceType(  952): No known package when getting name for resource number 0x9b040400
W/ResourceType(  952): No known package when getting name for resource number 0x9c040000
W/ResourceType(  952): No known package when getting name for resource number 0x9c040100
W/ResourceType(  952): No known package when getting name for resource number 0x9c040200
W/ResourceType(  952): No known package when getting name for resource number 0x9c030000
W/ResourceType(  952): No known package when getting name for resource number 0x9c010000
W/ResourceType(  952): No known package when getting name for resource number 0x9b000000
W/ResourceType(  952): No known package when getting name for resource number 0x9b010100
W/ResourceType(  952): No known package when getting name for resource number 0x9b030300
W/ResourceType(  952): No known package when getting name for resource number 0x9b040400
W/ResourceType(  952): No known package when getting name for resource number 0x9c040000
W/ResourceType(  952): No known package when getting name for resource number 0x9c040100
W/ResourceType(  952): No known package when getting name for resource number 0x9c040200
W/ResourceType(  952): No known package when getting name for resource number 0x9c030000
W/ResourceType(  952): No known package when getting name for resource number 0x9c010000
W/ResourceType(  952): No known package when getting name for resource number 0x9b000000
W/ResourceType(  952): No known package when getting name for resource number 0x9b010100
W/ResourceType(  952): No known package when getting name for resource number 0x9b030300
W/ResourceType(  952): No known package when getting name for resource number 0x9b040400
W/ResourceType(  952): No known package when getting name for resource number 0x9c040000
W/ResourceType(  952): No known package when getting name for resource number 0x9c040100
W/ResourceType(  952): No known package when getting name for resource number 0x9c040200
W/ResourceType(  952): No known package when getting name for resource number 0x9c030000
W/ResourceType(  952): No known package when getting name for resource number 0x9c010000
W/ResourceType(  952): No known package when getting name for resource number 0x9b000000
W/ResourceType(  952): No known package when getting name for resource number 0x9b010100
W/ResourceType(  952): No known package when getting name for resource number 0x9b030300
W/ResourceType(  952): No known package when getting name for resource number 0x9b040400
W/ResourceType(  952): No known package when getting name for resource number 0x9c040000
W/ResourceType(  952): No known package when getting name for resource number 0x9c040100
W/ResourceType(  952): No known package when getting name for resource number 0x9c040200
W/ResourceType(  952): No known package when getting name for resource number 0x9c030000
W/ResourceType(  952): No known package when getting name for resource number 0x9c010000
W/ResourceType(  952): No known package when getting name for resource number 0x9b000000
W/ResourceType(  952): No known package when getting name for resource number 0x9b010100
W/ResourceType(  952): No known package when getting name for resource number 0x9b030300
W/ResourceType(  952): No known package when getting name for resource number 0x9b040400
W/ResourceType(  952): No known package when getting name for resource number 0x9c040000
W/ResourceType(  952): No known package when getting name for resource number 0x9c040100
W/ResourceType(  952): No known package when getting name for resource number 0x9c040200
W/ResourceType(  952): No known package when getting name for resource number 0x9c030000
W/ResourceType(  952): No known package when getting name for resource number 0x9c010000
W/ResourceType(  952): No known package when getting name for resource number 0x9b000000
W/ResourceType(  952): No known package when getting name for resource number 0x9b010100
W/ResourceType(  952): No known package when getting name for resource number 0x9b030300
W/ResourceType(  952): No known package when getting name for resource number 0x9b040400
W/ResourceType(  952): No known package when getting name for resource number 0x9c040000
W/ResourceType(  952): No known package when getting name for resource number 0x9c040100
W/ResourceType(  952): No known package when getting name for resource number 0x9c040200
W/ResourceType(  952): No known package when getting name for resource number 0x9c030000
W/ResourceType(  952): No known package when getting name for resource number 0x9c010000
W/ResourceType(  952): No known package when getting name for resource number 0x9b000000
W/ResourceType(  952): No known package when getting name for resource number 0x9b010100
W/ResourceType(  952): No known package when getting name for resource number 0x9b030300
W/ResourceType(  952): No known package when getting name for resource number 0x9b040400
W/ResourceType(  952): No known package when getting name for resource number 0x9c040000
W/ResourceType(  952): No known package when getting name for resource number 0x9c040100
W/ResourceType(  952): No known package when getting name for resource number 0x9c040200
W/ResourceType(  952): No known package when getting name for resource number 0x9c030000
W/ResourceType(  952): No known package when getting name for resource number 0x9c010000
W/ResourceType(  952): No known package when getting name for resource number 0x9b000000
W/ResourceType(  952): No known package when getting name for resource number 0x9b010100
W/ResourceType(  952): No known package when getting name for resource number 0x9b030300
W/ResourceType(  952): No known package when getting name for resource number 0x9b040400
W/ResourceType(  952): No known package when getting name for resource number 0x9c040000
W/ResourceType(  952): No known package when getting name for resource number 0x9c040100
W/ResourceType(  952): No known package when getting name for resource number 0x9c040200
W/ResourceType(  952): No known package when getting name for resource number 0x9c030000
W/ResourceType(  952): No known package when getting name for resource number 0x9c010000
W/ResourceType(  952): No known package when getting name for resource number 0x9b000000
W/ResourceType(  952): No known package when getting name for resource number 0x9b010100
W/ResourceType(  952): No known package when getting name for resource number 0x9b030300
W/ResourceType(  952): No known package when getting name for resource number 0x9b040400
W/ResourceType(  952): No known package when getting name for resource number 0x9c040000
W/ResourceType(  952): No known package when getting name for resource number 0x9c040100
W/ResourceType(  952): No known package when getting name for resource number 0x9c040200
W/ResourceType(  952): No known package when getting name for resource number 0x9c030000
W/ResourceType(  952): No known package when getting name for resource number 0x9c010000
W/ResourceType(  952): No known package when getting name for resource number 0x9b000000
W/ResourceType(  952): No known package when getting name for resource number 0x9b010100
W/ResourceType(  952): No known package when getting name for resource number 0x9b030300
W/ResourceType(  952): No known package when getting name for resource number 0x9b040400
W/ResourceType(  952): No known package when getting name for resource number 0x9c040000
W/ResourceType(  952): No known package when getting name for resource number 0x9c040100
W/ResourceType(  952): No known package when getting name for resource number 0x9c040200
W/ResourceType(  952): No known package when getting name for resource number 0x9c030000
W/ResourceType(  952): No known package when getting name for resource number 0x9c010000
I/ActivityManager(  620): START u0 {act=android.intent.action.MAIN cat=[android.intent.category.LAUNCHER] flg=0x10200000 cmp=com.android.calculator2/.Calculator} from pid 10901
W/ResourceType(  952): No known package when getting name for resource number 0x9b000000
W/ResourceType(  952): No known package when getting name for resource number 0x9b010100
W/ResourceType(  952): No known package when getting name for resource number 0x9b030300
W/ResourceType(  952): No known package when getting name for resource number 0x9b040400
D/AndroidRuntime(10901): Shutting down VM
W/ResourceType(  952): No known package when getting name for resource number 0x9c040000
W/ResourceType(  952): No known package when getting name for resource number 0x9c040100
W/ResourceType(  952): No known package when getting name for resource number 0x9c040200
W/ResourceType(  952): No known package when getting name for resource number 0x9c030000
W/ResourceType(  952): No known package when getting name for resource number 0x9c010000
W/art     (  176): Could not get current activity
I/ActivityManager(  620): Start proc com.android.calculator2 for activity com.android.calculator2/.Calculator: pid=10918 uid=10029 gids={50029}
W/ResourceType(  952): No known package when getting name for resource number 0x9b000000
W/ResourceType(  952): No known package when getting name for resource number 0x9b010100
W/ResourceType(  952): No known package when getting name for resource number 0x9b030300
W/ResourceType(  952): No known package when getting name for resource number 0x9b040400
W/ResourceType(  952): No known package when getting name for resource number 0x9c040000
W/ResourceType(  952): No known package when getting name for resource number 0x9c040100
W/ResourceType(  952): No known package when getting name for resource number 0x9c040200
W/ResourceType(  952): No known package when getting name for resource number 0x9c030000
W/ResourceType(  952): No known package when getting name for resource number 0x9c010000
W/ResourceType(  952): No known package when getting name for resource number 0x9b000000
W/ResourceType(  952): No known package when getting name for resource number 0x9b010100
W/ResourceType(  952): No known package when getting name for resource number 0x9b030300
W/ResourceType(  952): No known package when getting name for resource number 0x9b040400
W/ResourceType(  952): No known package when getting name for resource number 0x9c040000
W/ResourceType(  952): No known package when getting name for resource number 0x9c040100
W/ResourceType(  952): No known package when getting name for resource number 0x9c040200
W/ResourceType(  952): No known package when getting name for resource number 0x9c030000
W/ResourceType(  952): No known package when getting name for resource number 0x9c010000
W/ResourceType(  952): No known package when getting name for resource number 0x9b000000
W/ResourceType(  952): No known package when getting name for resource number 0x9b010100
W/ResourceType(  952): No known package when getting name for resource number 0x9b030300
W/ResourceType(  952): No known package when getting name for resource number 0x9b040400
W/ResourceType(  952): No known package when getting name for resource number 0x9c040000
W/ResourceType(  952): No known package when getting name for resource number 0x9c040100
W/ResourceType(  952): No known package when getting name for resource number 0x9c040200
W/ResourceType(  952): No known package when getting name for resource number 0x9c030000
W/ResourceType(  952): No known package when getting name for resource number 0x9c010000
W/ResourceType(  952): No known package when getting name for resource number 0x9b000000
W/ResourceType(  952): No known package when getting name for resource number 0x9b010100
W/ResourceType(  952): No known package when getting name for resource number 0x9b030300
W/ResourceType(  952): No known package when getting name for resource number 0x9b040400
W/ResourceType(  952): No known package when getting name for resource number 0x9c040000
W/ResourceType(  952): No known package when getting name for resource number 0x9c040100
W/ResourceType(  952): No known package when getting name for resource number 0x9c040200
W/ResourceType(  952): No known package when getting name for resource number 0x9c030000
W/ResourceType(  952): No known package when getting name for resource number 0x9c010000
E/rsC++   (  952): RS Message thread exiting.
E/QueryController(10876): Got null root node from accessibility - Retrying...
W/art     (10918): Failed to find ELF magic in /system/app/Calculator.odex: dey
E/QueryController(10876): Got null root node from accessibility - Retrying...
E/QueryController(10876): Got null root node from accessibility - Retrying...
I/Adreno-EGL(10918): <qeglDrvAPI_eglInitialize:320>: EGL 1.4 QUALCOMM Build: I0404c4692afb8623f95c43aeb6d5e13ed4b30ddbDate: 11/06/13
D/OpenGLRenderer(10918): Enabling debug mode 0
I/ActivityManager(  620): Displayed com.android.calculator2/.Calculator: +832ms
I/LBE-Sec (  620): com.eg.android.AlipayGphone wakes from alarm
I/LBE-Sec (  620): on add alarm Alarm{packageName='com.eg.android.AlipayGphone', type=0, when=299 seconds, windowLength=0, repeatInterval=0 seconds, operation=PendingIntent{659c5038: PendingIntentRecord{655c6460 com.eg.android.AlipayGphone broadcastIntent}}, workSource=null, disabled=false}
W/SharedPreferencesManager(11258): putInt() : name = nfdwifi_wifi_update_key : key = wifiCount : value = 0
W/SharedPreferencesManager(11258): putInt() : name = nfdwifi_wifi_update_key : key = mobileCount : value = 0
W/SharedPreferencesManager(11258): putInt() : name = nfdwifi_wifi_update_key : key = syncLevel : value = 0
W/SharedPreferencesManager(11258): getInt() : name = nfdwifi_wifi_update_key : key = lastTime : defValue = 0
W/SharedPreferencesManager(11258): getInt() : name = nfdwifi_wifi_lbs_key : key = lbs_last_time : defValue = 1432049670956
D/AndroidRuntime(10980): 
D/AndroidRuntime(10980): >>>>>> AndroidRuntime START com.android.internal.os.RuntimeInit <<<<<<
D/AndroidRuntime(10980): CheckJNI is OFF
