W/ActivityManager(  620): Scheduling restart of crashed service com.UCMobile/com.uc.browser.msgpush.RemoteBackgroundProcess in 50885ms
I/ActivityManager(  620): Killing 12633:com.UCMobile/u0a85 (adj 7): stop com.UCMobile
W/ActivityManager(  620): Scheduling restart of crashed service com.UCMobile/.main.NotificationService in 50883ms
I/ActivityManager(  620): Killing 12823:com.UCMobile:push/u0a85 (adj 15): stop com.UCMobile
W/ActivityManager(  620): Scheduling restart of crashed service com.UCMobile/com.ucweb.message.UcwebPushService in 50882ms
I/ActivityManager(  620):   Force finishing activity ActivityRecord{65913778 u0 com.UCMobile/com.uc.browser.InnerUCMobile t16}
I/ActivityManager(  620):   Force stopping service ServiceRecord{65dd9c00 u0 com.UCMobile/com.ucweb.message.UcwebPushService}
I/ActivityManager(  620): Force stopping com.google.android.gms appid=10007 user=0: from pid 620
I/ActivityManager(  620):   Force stopping service ServiceRecord{65f2d858 u0 com.google.android.gms/.gcm.GcmService}
I/ActivityManager(  620):   Force stopping service ServiceRecord{65d72e90 u0 com.google.android.gms/com.google.android.location.internal.server.GoogleLocationService}
I/ActivityManager(  620):   Force stopping service ServiceRecord{65d74690 u0 com.google.android.gms/com.google.android.location.internal.GoogleLocationManagerService}
I/ActivityManager(  620):   Force stopping service ServiceRecord{65f53f20 u0 com.google.android.gms/.deviceconnection.service.DeviceConnectionServiceBroker}
I/ActivityManager(  620):   Force stopping service ServiceRecord{65e3c6c0 u0 com.google.android.gms/.common.stats.GmsCoreStatsService}
I/WindowState(  620): WIN DEATH: Window{658eb208 u0 com.UCMobile/com.uc.browser.InnerUCMobile}
I/ActivityManager(  620): Force stopping com.tencent.mm appid=10093 user=0: from pid 620
I/ActivityManager(  620): Killing 18849:com.tencent.mm:push/u0a93 (adj 5): stop com.tencent.mm
W/ActivityManager(  620): Scheduling restart of crashed service com.tencent.mm/.booter.CoreService in 1000ms
I/ActivityManager(  620): Killing 18789:com.tencent.mm/u0a93 (adj 9): stop com.tencent.mm
W/ActivityManager(  620): Scheduling restart of crashed service com.tencent.mm/.booter.NotifyReceiver$NotifyService in 10999ms
I/ActivityManager(  620):   Force finishing activity ActivityRecord{65684d10 u0 com.tencent.mm/.ui.LauncherUI t18}
I/ActivityManager(  620):   Force finishing activity ActivityRecord{65a60fd8 u0 com.tencent.mm/.plugin.sns.ui.SnsTimeLineUI t18}
I/ActivityManager(  620):   Force stopping service ServiceRecord{65f94930 u0 com.tencent.mm/.booter.CoreService}
I/WindowState(  620): WIN DEATH: Window{65877920 u0 com.tencent.mm/com.tencent.mm.ui.LauncherUI}
I/WindowState(  620): WIN DEATH: Window{65e7f2d0 u0 com.tencent.mm/com.tencent.mm.plugin.sns.ui.SnsTimeLineUI}
I/ActivityManager(  620): START u0 {flg=0x20000000 cmp=com.lbe.security/.ui.optimize.TaskManagerActivity} from pid 738
I/EntropyMixer(  620): Writing entropy...
I/ActivityManager(  620): Start proc com.google.process.gapps for broadcast com.google.android.gms/.gcm.nts.SchedulerReceiver: pid=984 uid=10007 gids={50007, 3003, 1007, 1028, 1015, 3002, 3001, 3007, 2001, 3006}
I/ActivityManager(  620): Start proc com.google.android.gms for broadcast com.google.android.gms/com.google.android.libraries.social.autobackup.AutoBackupEnvironment$BatteryReceiver: pid=1047 uid=10007 gids={50007, 3003, 1007, 1028, 1015, 3002, 3001, 3007, 2001, 3006}
I/ActivityManager(  620): Start proc com.google.android.gms.persistent for broadcast com.google.android.gms/com.google.android.location.reporting.service.ExternalChangeReceiver: pid=1090 uid=10007 gids={50007, 3003, 1007, 1028, 1015, 3002, 3001, 3007, 2001, 3006}
I/ActivityManager(  620): Delay finish: com.google.android.gms/.gcm.ServiceAutoStarter
I/ActivityManager(  620): Resuming delayed broadcast
I/ActivityManager(  620): Delay finish: com.google.android.gms/.common.stats.GmsCoreStatsServiceLauncher
I/ActivityManager(  620): Resuming delayed broadcast
I/ActivityManager(  620): Start proc com.google.android.gms.wearable for service com.google.android.gms/.wearable.service.WearableService: pid=1151 uid=10007 gids={50007, 3003, 1007, 1028, 1015, 3002, 3001, 3007, 2001, 3006}
I/ActivityManager(  620): Delay finish: com.google.android.gms/.fitness.service.FitnessInitReceiver
I/ActivityManager(  620): Resuming delayed broadcast
I/ActivityManager(  620): Delay finish: com.google.android.gms/.init.InitializeGmsReceiver
I/ActivityManager(  620): START u0 {act=android.intent.action.MAIN cat=[android.intent.category.LAUNCHER] flg=0x10008000 cmp=com.android.settings/.DevelopmentSettings bnds=[0,242][768,370]} from pid -1
E/Cryptfs (  169): not running with encryption, aborting
E/UsbDebuggingManager(  620): got -1 reading
E/UsbDebuggingManager(  620): Communication error: 
E/UsbDebuggingManager(  620): java.io.IOException: Connection refused
E/UsbDebuggingManager(  620): 	at android.net.LocalSocketImpl.connectLocal(Native Method)
E/UsbDebuggingManager(  620): 	at android.net.LocalSocketImpl.connect(LocalSocketImpl.java:287)
E/UsbDebuggingManager(  620): 	at android.net.LocalSocket.connect(LocalSocket.java:130)
E/UsbDebuggingManager(  620): 	at com.android.server.usb.UsbDebuggingManager.listenToSocket(UsbDebuggingManager.java:75)
E/UsbDebuggingManager(  620): 	at com.android.server.usb.UsbDebuggingManager.run(UsbDebuggingManager.java:111)
E/UsbDebuggingManager(  620): 	at java.lang.Thread.run(Thread.java:811)
E/Cryptfs (  169): not running with encryption, aborting
E/Cryptfs (  169): not running with encryption, aborting
I/ActivityManager(  620): START u0 {act=android.intent.action.MAIN cmp=com.android.settings/.SubSettings (has extras)} from pid 815
I/WindowState(  620): WIN DEATH: Window{659dc338 u0 com.lbe.security/com.lbe.security.ui.home.NewHomeActivity}
I/ActivityManager(  620): Process com.lbe.security (pid 738) has died.
I/WindowState(  620): WIN DEATH: Window{658b7f68 u0 com.lbe.security/com.lbe.security.ui.optimize.TaskManagerActivity}
I/WindowState(  620): WIN DEATH: Window{6567bf60 u0 com.lbe.security/com.lbe.security.ui.optimize.OptimizeMainActivity}
E/Cryptfs (  169): not running with encryption, aborting
I/ActivityManager(  620): Waited long enough for: ServiceRecord{65d58988 u0 com.google.android.gms/.gcm.GcmService}
I/ActivityManager(  620): Resuming delayed broadcast
I/ActivityManager(  620): Delay finish: com.google.android.gms/.init.InitializeGmsReceiver
I/ActivityManager(  620): Resuming delayed broadcast
I/ActivityManager(  620): Delay finish: com.google.android.gms/.init.InitializeGmsReceiver
I/ActivityManager(  620): Resuming delayed broadcast
I/ActivityManager(  620): Delay finish: com.google.android.gms/.init.InitializeGmsReceiver
I/ActivityManager(  620): Resuming delayed broadcast
I/ActivityManager(  620): Waited long enough for: ServiceRecord{658a4e30 u0 com.google.android.gms/.common.stats.GmsCoreStatsService}
I/ActivityManager(  620): Waited long enough for: ServiceRecord{65db2410 u0 com.google.android.gms/.deviceconnection.service.DeviceConnectionServiceBroker}
E/Cryptfs (  169): not running with encryption, aborting
W/InputMethodManagerService(  620): Window already focused, ignoring focus gain of: com.android.internal.view.IInputMethodClient$Stub$Proxy@6541efc0 attribute=null, token = android.os.BinderProxy@651e25f0
I/ActivityManager(  620): Start proc com.lbe.security for activity com.lbe.security/.ui.optimize.TaskManagerActivity: pid=1276 uid=10082 gids={50082, 3001, 3002, 3003, 1028, 1015}
W/ActivityThread(  984): ClassLoader.loadClass: The class loader returned by Thread.getContextClassLoader() may fail for processes that host multiple applications. You should explicitly specify a context class loader. For example: Thread.setContextClassLoader(getClass().getClassLoader());
I/ActivityManager(  620): START u0 {act=android.settings.SETTINGS flg=0x14000000 cmp=com.android.settings/.Settings} from pid 711
D/WifiService(  620): setWifiEnabled: true pid=815, uid=1000
I/ActivityManager(  620): START u0 {act=android.intent.action.MAIN cmp=com.android.settings/.SubSettings (has extras)} from pid 815
I/WindowState(  620): WIN DEATH: Window{65acee18 u0 com.lbe.security/com.lbe.security.ui.optimize.OptimizeMainActivity}
I/ActivityManager(  620): Process com.lbe.security (pid 1276) has died.
I/WindowState(  620): WIN DEATH: Window{65684710 u0 com.lbe.security/com.lbe.security.ui.optimize.TaskManagerActivity}
I/WindowState(  620): WIN DEATH: Window{64ec1af0 u0 com.lbe.security/com.lbe.security.ui.home.NewHomeActivity}
I/ActivityManager(  620): Config changes=480 {1.15 460mcc1mnc zh_CN ldltr sw384dp w598dp h359dp 320dpi nrml land finger -keyb/v/h -nav/h s.7}
I/WindowManager(  620): Screen frozen for +256ms due to Window{65902438 u0 com.android.settings/com.android.settings.SubSettings}
I/ActivityManager(  620): Waited long enough for: ServiceRecord{65f74f08 u0 com.google.android.gms/.playlog.uploader.UploaderService}
D/ConnectivityService(  620): handleInetConditionHoldEnd: net=1, condition=0, published condition=0
I/WindowManager(  620): Screen frozen for +74ms due to Window{65902438 u0 com.android.settings/com.android.settings.SubSettings}
I/WindowManager(  620): Screen frozen for +86ms due to Window{65902438 u0 com.android.settings/com.android.settings.SubSettings}
I/ActivityManager(  620): START u0 {act=android.intent.action.MAIN cat=[android.intent.category.HOME] flg=0x10200000 cmp=com.android.launcher/com.android.launcher2.Launcher} from pid 620
I/ActivityManager(  620): Config changes=480 {1.15 460mcc1mnc zh_CN ldltr sw384dp w384dp h567dp 320dpi nrml port finger -keyb/v/h -nav/h s.8}
I/WindowManager(  620): Screen frozen for +368ms due to Window{6595e6c0 u0 com.android.launcher/com.android.launcher2.Launcher}
I/ActivityManager(  620): START u0 {act=android.intent.action.MAIN cat=[android.intent.category.LAUNCHER] flg=0x10200000 cmp=com.android.settings/.Settings bnds=[568,385][728,585]} from pid 952
I/ActivityManager(  620): Config changes=480 {1.15 460mcc1mnc zh_CN ldltr sw384dp w598dp h359dp 320dpi nrml land finger -keyb/v/h -nav/h s.9}
I/WindowManager(  620): Screen frozen for +343ms due to Window{65b9c288 u0 com.android.settings/com.android.settings.Settings}
I/ActivityManager(  620): Config changes=480 {1.15 460mcc1mnc zh_CN ldltr sw384dp w384dp h567dp 320dpi nrml port finger -keyb/v/h -nav/h s.10}
I/WindowManager(  620): Screen frozen for +375ms due to Window{65cab188 u0 com.android.settings/com.android.settings.Settings}
W/ViewRootImpl(  620): Dropping event due to no window focus: KeyEvent { action=ACTION_DOWN, keyCode=KEYCODE_POWER, scanCode=116, metaState=0, flags=0x8, repeatCount=3, eventTime=28347592, downTime=28346990, deviceId=1, source=0x101 }
W/InputMethodManagerService(  620): Window already focused, ignoring focus gain of: com.android.internal.view.IInputMethodClient$Stub$Proxy@657f2520 attribute=null, token = android.os.BinderProxy@656a18b0
D/ConnectivityService(  620): handleInetConditionHoldEnd: net=1, condition=0, published condition=0
I/ActivityManager(  620): START u0 {act=android.intent.action.MAIN cmp=com.android.settings/.SubSettings (has extras)} from pid 815
I/ActivityManager(  620): START u0 {act=android.intent.action.MAIN cmp=com.android.settings/.SubSettings (has extras)} from pid 815
W/InputMethodManagerService(  620): Window already focused, ignoring focus gain of: com.android.internal.view.IInputMethodClient$Stub$Proxy@65420890 attribute=null, token = android.os.BinderProxy@657f81a0
W/InputMethodManagerService(  620): Window already focused, ignoring focus gain of: com.android.internal.view.IInputMethodClient$Stub$Proxy@6563bcc8 attribute=null, token = android.os.BinderProxy@657f81a0
I/ActivityManager(  620): START u0 {act=android.intent.action.MAIN cat=[android.intent.category.HOME] flg=0x10200000 cmp=com.android.launcher/com.android.launcher2.Launcher} from pid 620
W/InputMethodManagerService(  620): Starting input on non-focused client com.android.internal.view.IInputMethodClient$Stub$Proxy@65af5778 (uid=1000 pid=815)
I/ActivityManager(  620): START u0 {act=android.intent.action.MAIN cat=[android.intent.category.LAUNCHER] flg=0x10200000 cmp=com.android.settings/.Settings bnds=[568,385][728,585]} from pid 952
I/ActivityManager(  620): START u0 {act=android.intent.action.MAIN cmp=com.android.settings/.SubSettings (has extras)} from pid 815
I/ActivityManager(  620): START u0 {act=android.intent.action.MAIN cat=[android.intent.category.HOME] flg=0x10200000 cmp=com.android.launcher/com.android.launcher2.Launcher} from pid 620
I/ActivityManager(  620): START u0 {act=android.intent.action.MAIN cat=[android.intent.category.LAUNCHER] flg=0x10200000 cmp=com.htinns/.UI.LoadingActivity} from pid 952
I/ActivityManager(  620): Start proc com.htinns for activity com.htinns/.UI.LoadingActivity: pid=1606 uid=10150 gids={50150, 1028, 1015, 3003}
I/ActivityManager(  620): Start proc com.htinns:bdservice_v1 for broadcast com.htinns/com.baidu.android.pushservice.RegistrationReceiver: pid=1643 uid=10150 gids={50150, 1028, 1015, 3003}
I/ActivityManager(  620): START u0 {cmp=com.htinns/.main.MainActivityNew (has extras)} from pid 1606
W/InputMethodManagerService(  620): Focus gain on non-focused client com.android.internal.view.IInputMethodClient$Stub$Proxy@65727cb8 (uid=10150 pid=1606)
W/FileUtils( 1643): Failed to chmod(/storage/emulated/0/baidu/pushservice/database/pushstat_4.1.1.107.db): libcore.io.ErrnoException: chmod failed: EPERM (Operation not permitted)
W/FileUtils( 1643): Failed to chmod(/storage/emulated/0/baidu/pushservice/database/pushstat_4.1.1.107.db): libcore.io.ErrnoException: chmod failed: EPERM (Operation not permitted)
W/FileUtils( 1606): Failed to chmod(/storage/emulated/0/baidu/pushservice/database/pushstat_4.1.1.107.db): libcore.io.ErrnoException: chmod failed: EPERM (Operation not permitted)
I/ActivityManager(  620): START u0 {act=android.settings.SETTINGS flg=0x14000000 cmp=com.android.settings/.Settings} from pid 711
W/InputMethodManagerService(  620): Window already focused, ignoring focus gain of: com.android.internal.view.IInputMethodClient$Stub$Proxy@65504a10 attribute=null, token = android.os.BinderProxy@658f5a28
W/ActivityThread( 1047): ClassLoader.loadClass: The class loader returned by Thread.getContextClassLoader() may fail for processes that host multiple applications. You should explicitly specify a context class loader. For example: Thread.setContextClassLoader(getClass().getClassLoader());
I/ActivityManager(  620): START u0 {act=android.intent.action.MAIN cmp=com.android.settings/.SubSettings (has extras)} from pid 815
E/Cryptfs (  169): not running with encryption, aborting
W/InputMethodManagerService(  620): Window already focused, ignoring focus gain of: com.android.internal.view.IInputMethodClient$Stub$Proxy@64fe97e8 attribute=null, token = android.os.BinderProxy@65cf7000
D/ConnectivityService(  620): handleInetConditionHoldEnd: net=1, condition=0, published condition=0
I/ActivityManager(  620): Force stopping com.android.providers.userdictionary appid=10003 user=0: from pid 620
I/ActivityManager(  620): Killing 817:android.process.acore/u0a3 (adj 9): stop com.android.providers.userdictionary
I/ActivityManager(  620): Waited long enough for: ServiceRecord{65b50970 u0 com.google.android.gms/.playlog.uploader.UploaderService}
I/PowerManagerService(  620): Going to sleep due to screen timeout...
D/ConnectivityService(  620): handleInetConditionHoldEnd: net=1, condition=0, published condition=0
I/ActivityManager(  620): Start proc android.process.acore for content provider com.android.providers.userdictionary/.UserDictionaryProvider: pid=1886 uid=10003 gids={50003, 3003, 1028, 1015}
I/ActivityManager(  620): Force stopping com.htinns appid=10150 user=0: from pid 620
I/ActivityManager(  620): Killing 1606:com.htinns/u0a150 (adj 7): stop com.htinns
W/ActivityManager(  620): Scheduling restart of crashed service com.htinns/cn.jpush.android.service.PushService in 1000ms
I/ActivityManager(  620): Killing 1643:com.htinns:bdservice_v1/u0a150 (adj 8): stop com.htinns
W/ActivityManager(  620): Scheduling restart of crashed service com.htinns/com.baidu.android.pushservice.PushService in 10997ms
I/ActivityManager(  620):   Force finishing activity ActivityRecord{658af118 u0 com.htinns/.main.MainActivityNew t23}
I/ActivityManager(  620):   Force stopping service ServiceRecord{65f2d858 u0 com.htinns/cn.jpush.android.service.PushService}
I/ActivityManager(  620):   Force stopping service ServiceRecord{65e86060 u0 com.htinns/com.baidu.android.pushservice.PushService}
I/WindowState(  620): WIN DEATH: Window{658699d0 u0 com.htinns/com.htinns.main.MainActivityNew}
I/ActivityManager(  620): Force stopping com.android.providers.userdictionary appid=10003 user=0: from pid 620
I/ActivityManager(  620): Killing 1886:android.process.acore/u0a3 (adj 9): stop com.android.providers.userdictionary
D/ConnectivityService(  620): handleInetConditionHoldEnd: net=1, condition=0, published condition=0
I/PackageManager(  620): Adding preferred activity ComponentInfo{com.android.mms/com.android.mms.ui.ComposeMessageActivity} for user 0 :
I/PackageManager(  620): Adding preferred activity ComponentInfo{com.android.mms/com.android.mms.ui.ComposeMessageActivity} for user 0 :
I/PackageManager(  620): Adding preferred activity ComponentInfo{com.android.mms/com.android.mms.ui.ComposeMessageActivity} for user 0 :
I/PackageManager(  620): Adding preferred activity ComponentInfo{com.android.mms/com.android.mms.ui.ComposeMessageActivity} for user 0 :
I/ActivityManager(  620): Start proc com.android.mms for broadcast com.android.mms/.transaction.PrivilegedSmsReceiver: pid=2029 uid=10014 gids={50014, 3003, 1028, 1015}
D/CountryDetector(  620): The first listener is added
I/ActivityManager(  620): Start proc android.process.acore for content provider com.android.providers.contacts/.ContactsProvider2: pid=2057 uid=10003 gids={50003, 3003, 1028, 1015}
I/ActivityManager(  620): Delay finish: com.android.mms/.widget.MmsWidgetProvider
I/ActivityManager(  620): Resuming delayed broadcast
I/ActivityManager(  620): START u0 {flg=0x10000000 cmp=com.lbe.security/.ui.network.TrafficDataplanAlertDialog (has extras)} from pid 1347
I/ActivityManager(  620): Start proc com.lbe.security for activity com.lbe.security/.ui.network.TrafficDataplanAlertDialog: pid=2147 uid=10082 gids={50082, 3001, 3002, 3003, 1028, 1015}
I/PowerManagerService(  620): Waking up from sleep...
I/WindowManager(  620): Lock screen displayed!
D/DisplayPowerController(  620): Unblocked screen on after 28548107 ms
W/ActivityManager(  620): Activity pause timeout for ActivityRecord{64ed18e8 u0 com.lbe.security/.ui.network.TrafficDataplanAlertDialog t24}
E/Cryptfs (  169): not running with encryption, aborting
I/ActivityManager(  620): Activity reported stop, but no longer stopping: ActivityRecord{64ed18e8 u0 com.lbe.security/.ui.network.TrafficDataplanAlertDialog t24 f}
E/Cryptfs (  169): not running with encryption, aborting
W/InputMethodManagerService(  620): Window already focused, ignoring focus gain of: com.android.internal.view.IInputMethodClient$Stub$Proxy@657682d8 attribute=android.view.inputmethod.EditorInfo@659e17b0, token = android.os.BinderProxy@65cf7000
I/ActivityManager(  620): START u0 {act=android.intent.action.MAIN typ=vnd.android-dir/mms-sms flg=0x3400c000 cmp=com.android.mms/.ui.ConversationList bnds=[0,242][768,370]} from pid -1
I/ActivityManager(  620): START u0 {dat=content://mms-sms/conversations/318 cmp=com.android.mms/.ui.ComposeMessageActivity} from pid 2029
I/ActivityManager(  620): Process com.lbe.security (pid 2147) has died.
I/ActivityManager(  620): START u0 {cmp=com.android.mms/.ui.ConversationList} from pid 2029
W/ActivityManager(  620): startActivity called from finishing ActivityRecord{65bc81a8 u0 com.android.mms/.ui.ComposeMessageActivity t25 f}; forcing Intent.FLAG_ACTIVITY_NEW_TASK for: Intent { cmp=com.android.mms/.ui.ConversationList }
I/ActivityManager(  620): START u0 {dat=content://mms-sms/conversations/275 cmp=com.android.mms/.ui.ComposeMessageActivity} from pid 2029
I/ActivityManager(  620): START u0 {cmp=com.android.mms/.ui.ConversationList} from pid 2029
W/ActivityManager(  620): startActivity called from finishing ActivityRecord{659fba10 u0 com.android.mms/.ui.ComposeMessageActivity t25 f}; forcing Intent.FLAG_ACTIVITY_NEW_TASK for: Intent { cmp=com.android.mms/.ui.ConversationList }
I/ActivityManager(  620): START u0 {act=android.intent.action.MAIN cat=[android.intent.category.HOME] flg=0x10200000 cmp=com.android.launcher/com.android.launcher2.Launcher} from pid 620
I/ActivityManager(  620): START u0 {act=android.intent.action.MAIN cat=[android.intent.category.LAUNCHER] flg=0x10200000 cmp=com.htinns/.UI.LoadingActivity} from pid 952
I/ActivityManager(  620): Start proc com.htinns for activity com.htinns/.UI.LoadingActivity: pid=2395 uid=10150 gids={50150, 1028, 1015, 3003}
I/ActivityManager(  620): Start proc com.htinns:bdservice_v1 for broadcast com.htinns/com.baidu.android.pushservice.RegistrationReceiver: pid=2432 uid=10150 gids={50150, 1028, 1015, 3003}
I/ActivityManager(  620): START u0 {cmp=com.htinns/.main.MainActivityNew (has extras)} from pid 2395
W/FileUtils( 2432): Failed to chmod(/storage/emulated/0/baidu/pushservice/database/pushstat_4.1.1.107.db): libcore.io.ErrnoException: chmod failed: EPERM (Operation not permitted)
W/FileUtils( 2432): Failed to chmod(/storage/emulated/0/baidu/pushservice/database/pushstat_4.1.1.107.db): libcore.io.ErrnoException: chmod failed: EPERM (Operation not permitted)
W/FileUtils( 2395): Failed to chmod(/storage/emulated/0/baidu/pushservice/database/pushstat_4.1.1.107.db): libcore.io.ErrnoException: chmod failed: EPERM (Operation not permitted)
D/ConnectivityService(  620): handleInetConditionHoldEnd: net=1, condition=0, published condition=0
I/ActivityManager(  620): Force stopping com.android.providers.contacts appid=10003 user=0: from pid 620
I/ActivityManager(  620): Killing 2057:android.process.acore/u0a3 (adj 9): stop com.android.providers.contacts
I/PowerManagerService(  620): Going to sleep due to screen timeout...
I/ActivityManager(  620): Start proc android.process.acore for content provider com.android.providers.userdictionary/.UserDictionaryProvider: pid=2614 uid=10003 gids={50003, 3003, 1028, 1015}
I/ActivityManager(  620): Force stopping com.android.mms appid=10014 user=0: from pid 620
I/ActivityManager(  620): Killing 2029:com.android.mms/u0a14 (adj 7): stop com.android.mms
I/ActivityManager(  620):   Force finishing activity ActivityRecord{65684d10 u0 com.android.mms/.ui.ConversationList t25}
D/CountryDetector(  620): No listener is left
I/WindowState(  620): WIN DEATH: Window{6594ea00 u0 com.android.mms/com.android.mms.ui.ConversationList}
I/ActivityManager(  620): Force stopping com.android.providers.userdictionary appid=10003 user=0: from pid 620
I/ActivityManager(  620): Killing 2614:android.process.acore/u0a3 (adj 9): stop com.android.providers.userdictionary
D/ConnectivityService(  620): Sampling interval elapsed, updating statistics ..
D/ConnectivityService(  620): Done.
D/ConnectivityService(  620): Setting timer for 720seconds
D/MobileDataStateTracker(  620): default: setPolicyDataEnable(enabled=true)
I/ActivityManager(  620): Start proc android.process.acore for content provider com.android.providers.contacts/.ContactsProvider2: pid=2686 uid=10003 gids={50003, 3003, 1028, 1015}
I/ActivityManager(  620): Force stopping com.android.providers.contacts appid=10003 user=0: from pid 620
I/ActivityManager(  620): Killing 2686:android.process.acore/u0a3 (adj 9): stop com.android.providers.contacts
I/ProcessStatsService(  620): Prepared write state in 14ms
I/PowerManagerService(  620): Waking up from sleep...
I/WindowManager(  620): Lock screen displayed!
D/DisplayPowerController(  620): Unblocked screen on after 29124607 ms
W/InputMethodManagerService(  620): Window already focused, ignoring focus gain of: com.android.internal.view.IInputMethodClient$Stub$Proxy@65d290c8 attribute=android.view.inputmethod.EditorInfo@65d2dd10, token = android.os.BinderProxy@652c6678
I/ActivityManager(  620): Start proc android.process.acore for content provider com.android.providers.userdictionary/.UserDictionaryProvider: pid=2807 uid=10003 gids={50003, 3003, 1028, 1015}
I/ActivityManager(  620): START u0 {act=android.intent.action.MAIN cat=[android.intent.category.HOME] flg=0x10200000 cmp=com.android.launcher/com.android.launcher2.Launcher} from pid 620
I/ActivityManager(  620): START u0 {act=android.intent.action.MAIN cat=[android.intent.category.LAUNCHER] flg=0x10200000 cmp=com.htinns/.UI.LoadingActivity} from pid 952
D/ConnectivityService(  620): handleInetConditionHoldEnd: net=1, condition=0, published condition=0
I/ActivityManager(  620): Force stopping com.android.providers.userdictionary appid=10003 user=0: from pid 620
I/ActivityManager(  620): Killing 2807:android.process.acore/u0a3 (adj 9): stop com.android.providers.userdictionary
I/PowerManagerService(  620): Going to sleep due to screen timeout...
I/ActivityManager(  620): Start proc android.process.acore for content provider com.android.providers.userdictionary/.UserDictionaryProvider: pid=2921 uid=10003 gids={50003, 3003, 1028, 1015}
W/FileUtils( 2432): Failed to chmod(/storage/emulated/0/baidu/pushservice/database/pushstat_4.1.1.107.db): libcore.io.ErrnoException: chmod failed: EPERM (Operation not permitted)
W/FileUtils( 2432): Failed to chmod(/storage/emulated/0/baidu/pushservice/database/pushstat_4.1.1.107.db): libcore.io.ErrnoException: chmod failed: EPERM (Operation not permitted)
W/FileUtils( 2432): Failed to chmod(/storage/emulated/0/baidu/pushservice/database/pushstat_4.1.1.107.db): libcore.io.ErrnoException: chmod failed: EPERM (Operation not permitted)
W/FileUtils( 2432): Failed to chmod(/storage/emulated/0/baidu/pushservice/database/pushstat_4.1.1.107.db): libcore.io.ErrnoException: chmod failed: EPERM (Operation not permitted)
W/FileUtils( 2432): Failed to chmod(/storage/emulated/0/baidu/pushservice/database/pushstat_4.1.1.107.db): libcore.io.ErrnoException: chmod failed: EPERM (Operation not permitted)
W/FileUtils( 2432): Failed to chmod(/storage/emulated/0/baidu/pushservice/database/pushstat_4.1.1.107.db): libcore.io.ErrnoException: chmod failed: EPERM (Operation not permitted)
W/FileUtils( 2432): Failed to chmod(/storage/emulated/0/baidu/pushservice/database/pushlappv2.db): libcore.io.ErrnoException: chmod failed: EPERM (Operation not permitted)
W/FileUtils( 2432): Failed to chmod(/storage/emulated/0/baidu/pushservice/database/pushlappv2.db): libcore.io.ErrnoException: chmod failed: EPERM (Operation not permitted)
W/BackupManagerService(  620): dataChanged but no participant pkg='com.android.providers.settings' uid=10150
W/FileUtils( 2432): Failed to chmod(/storage/emulated/0/baidu/pushservice/database/pushstat_4.1.1.107.db): libcore.io.ErrnoException: chmod failed: EPERM (Operation not permitted)
I/ActivityManager(  620): Force stopping com.android.providers.userdictionary appid=10003 user=0: from pid 620
I/ActivityManager(  620): Killing 2921:android.process.acore/u0a3 (adj 9): stop com.android.providers.userdictionary
I/ActivityManager(  620): Force stopping com.google.android.gms appid=10007 user=0: from pid 620
I/ActivityManager(  620): Killing 1090:com.google.android.gms.persistent/u0a7 (adj 8): stop com.google.android.gms
W/ActivityManager(  620): Scheduling restart of crashed service com.google.android.gms/com.google.android.location.internal.PendingIntentCallbackService in 1000ms
W/ActivityManager(  620): Scheduling restart of crashed service com.google.android.gms/.deviceconnection.service.DeviceConnectionServiceBroker in 10999ms
W/ActivityManager(  620): Scheduling restart of crashed service com.google.android.gms/com.google.android.location.internal.server.GoogleLocationService in 20999ms
W/ActivityManager(  620): Scheduling restart of crashed service com.google.android.gms/.common.stats.GmsCoreStatsService in 30999ms
W/ActivityManager(  620): Scheduling restart of crashed service com.google.android.gms/com.google.android.location.internal.GoogleLocationManagerService in 40999ms
I/ActivityManager(  620): Killing 1151:com.google.android.gms.wearable/u0a7 (adj 13): stop com.google.android.gms
I/ActivityManager(  620): Killing 1047:com.google.android.gms/u0a7 (adj 9): stop com.google.android.gms
I/ActivityManager(  620): Killing 984:com.google.process.gapps/u0a7 (adj 5): stop com.google.android.gms
W/ActivityManager(  620): Scheduling restart of crashed service com.google.android.gms/.gcm.GcmService in 50989ms
F/ActivityManager(  620): Service ServiceRecord{65a83fe0 u0 com.google.android.gms/.gcm.http.GoogleHttpService} in process ProcessRecord{64e7b2f0 984:com.google.process.gapps/u0a7} not same as in map: null
F/ProcessStats(  620): Starting service ServiceState{65e014e0 com.google.android.gms.gcm.GcmService pkg=com.google.android.gms proc=65e014e0} without owner
F/ProcessStats(  620): Starting service ServiceState{656ca230 com.google.android.location.internal.PendingIntentCallbackService pkg=com.google.android.gms proc=656ca230} without owner
F/ProcessStats(  620): Starting service ServiceState{6595e088 com.google.android.location.internal.server.GoogleLocationService pkg=com.google.android.gms proc=6595e088} without owner
F/ProcessStats(  620): Starting service ServiceState{659ddc08 com.google.android.location.internal.GoogleLocationManagerService pkg=com.google.android.gms proc=659ddc08} without owner
F/ProcessStats(  620): Starting service ServiceState{65b0f0b8 com.google.android.gms.deviceconnection.service.DeviceConnectionServiceBroker pkg=com.google.android.gms proc=65b0f0b8} without owner
F/ProcessStats(  620): Starting service ServiceState{65c18890 com.google.android.gms.common.stats.GmsCoreStatsService pkg=com.google.android.gms proc=65c18890} without owner
I/ActivityManager(  620):   Force stopping service ServiceRecord{65d58988 u0 com.google.android.gms/.gcm.GcmService}
I/ActivityManager(  620):   Force stopping service ServiceRecord{65f94820 u0 com.google.android.gms/com.google.android.location.internal.PendingIntentCallbackService}
I/ActivityManager(  620):   Force stopping service ServiceRecord{65af0768 u0 com.google.android.gms/com.google.android.location.internal.server.GoogleLocationService}
I/ActivityManager(  620):   Force stopping service ServiceRecord{6584e7b0 u0 com.google.android.gms/com.google.android.location.internal.GoogleLocationManagerService}
I/ActivityManager(  620):   Force stopping service ServiceRecord{65db2410 u0 com.google.android.gms/.deviceconnection.service.DeviceConnectionServiceBroker}
I/ActivityManager(  620):   Force stopping service ServiceRecord{658a4e30 u0 com.google.android.gms/.common.stats.GmsCoreStatsService}
I/PowerManagerService(  620): Waking up from sleep...
I/WindowManager(  620): Lock screen displayed!
D/DisplayPowerController(  620): Unblocked screen on after 29329483 ms
I/ActivityManager(  620): Start proc com.google.android.gms for service com.google.android.gms/.security.snet.SnetService: pid=3002 uid=10007 gids={50007, 3003, 1007, 1028, 1015, 3002, 3001, 3007, 2001, 3006}
I/ActivityManager(  620): Start proc com.google.process.gapps for content provider com.google.android.gsf/.gservices.GservicesProvider: pid=3062 uid=10007 gids={50007, 3003, 1007, 1028, 1015, 3002, 3001, 3007, 2001, 3006}
W/InputMethodManagerService(  620): Window already focused, ignoring focus gain of: com.android.internal.view.IInputMethodClient$Stub$Proxy@658ceea0 attribute=android.view.inputmethod.EditorInfo@65cb7238, token = android.os.BinderProxy@652c6678
I/ActivityManager(  620): Start proc android.process.acore for content provider com.android.providers.userdictionary/.UserDictionaryProvider: pid=3109 uid=10003 gids={50003, 3003, 1028, 1015}
I/ActivityManager(  620): Start proc com.google.android.gms.persistent for service com.google.android.gms/.common.stats.GmsCoreStatsService: pid=3155 uid=10007 gids={50007, 3003, 1007, 1028, 1015, 3002, 3001, 3007, 2001, 3006}
I/ActivityManager(  620): Start proc com.google.android.gms.wearable for service com.google.android.gms/.wearable.service.WearableService: pid=3178 uid=10007 gids={50007, 3003, 1007, 1028, 1015, 3002, 3001, 3007, 2001, 3006}
I/ActivityManager(  620): Delay finish: com.eg.android.AlipayGphone/com.alipay.pushsdk.BroadcastActionReceiver
I/ActivityManager(  620): Resuming delayed broadcast
I/ActivityManager(  620): Delay finish: com.google.android.gms/.init.InitializeGmsReceiver
I/ActivityManager(  620): Resuming delayed broadcast
I/ActivityManager(  620): Delay finish: com.google.android.gms/.init.InitializeGmsReceiver
I/ActivityManager(  620): Resuming delayed broadcast
I/ActivityManager(  620): Delay finish: com.google.android.gms/.init.InitializeGmsReceiver
I/ActivityManager(  620): Resuming delayed broadcast
I/ActivityManager(  620): START u0 {act=android.intent.action.MAIN cat=[android.intent.category.HOME] flg=0x10200000 cmp=com.android.launcher/com.android.launcher2.Launcher} from pid 620
I/ActivityManager(  620): START u0 {act=android.intent.action.MAIN cat=[android.intent.category.LAUNCHER] flg=0x10200000 cmp=com.htinns/.UI.LoadingActivity} from pid 952
I/ActivityManager(  620): Waited long enough for: ServiceRecord{65f1d5c8 u0 com.google.android.gms/.common.stats.GmsCoreStatsService}
I/ActivityManager(  620): Waited long enough for: ServiceRecord{65dc6958 u0 com.google.android.gms/.deviceconnection.service.DeviceConnectionServiceBroker}
I/ActivityManager(  620): Force stopping com.android.providers.userdictionary appid=10003 user=0: from pid 620
I/ActivityManager(  620): Killing 3109:android.process.acore/u0a3 (adj 9): stop com.android.providers.userdictionary
D/ConnectivityService(  620): handleInetConditionHoldEnd: net=1, condition=0, published condition=0
I/PowerManagerService(  620): Going to sleep due to screen timeout...
I/ActivityManager(  620): Start proc android.process.acore for content provider com.android.providers.userdictionary/.UserDictionaryProvider: pid=3322 uid=10003 gids={50003, 3003, 1028, 1015}
D/ConnectivityService(  620): handleInetConditionHoldEnd: net=1, condition=0, published condition=0
D/ConnectivityService(  620): Sampling interval elapsed, updating statistics ..
D/ConnectivityService(  620): Done.
D/ConnectivityService(  620): Setting timer for 720seconds
I/ActivityManager(  620): Force stopping com.android.providers.userdictionary appid=10003 user=0: from pid 620
I/ActivityManager(  620): Killing 3322:android.process.acore/u0a3 (adj 9): stop com.android.providers.userdictionary
D/ConnectivityService(  620): handleInetConditionHoldEnd: net=1, condition=0, published condition=0
I/ActivityManager(  620): Force stopping com.google.android.gsf appid=10007 user=0: from pid 620
I/ActivityManager(  620): Killing 3062:com.google.process.gapps/u0a7 (adj 5): stop com.google.android.gsf
W/ActivityManager(  620): Scheduling restart of crashed service com.google.android.gms/.gcm.GcmService in 1000ms
F/ActivityManager(  620): Service ServiceRecord{65f610b0 u0 com.google.android.gms/.gcm.http.GoogleHttpService} in process ProcessRecord{64e6e608 3062:com.google.process.gapps/u0a7} not same as in map: null
I/ActivityManager(  620): Force stopping com.google.android.gms appid=10007 user=0: from pid 620
I/ActivityManager(  620): Killing 3155:com.google.android.gms.persistent/u0a7 (adj 5): stop com.google.android.gms
W/ActivityManager(  620): Scheduling restart of crashed service com.google.android.gms/.common.stats.GmsCoreStatsService in 10925ms
W/ActivityManager(  620): Scheduling restart of crashed service com.google.android.gms/.deviceconnection.service.DeviceConnectionServiceBroker in 20925ms
I/ActivityManager(  620): Killing 3178:com.google.android.gms.wearable/u0a7 (adj 9): stop com.google.android.gms
I/ActivityManager(  620): Killing 3002:com.google.android.gms/u0a7 (adj 11): stop com.google.android.gms
F/ProcessStats(  620): Starting service ServiceState{65e014e0 com.google.android.gms.gcm.GcmService pkg=com.google.android.gms proc=65e014e0} without owner
F/ProcessStats(  620): Starting service ServiceState{65b0f0b8 com.google.android.gms.deviceconnection.service.DeviceConnectionServiceBroker pkg=com.google.android.gms proc=65b0f0b8} without owner
F/ProcessStats(  620): Starting service ServiceState{65c18890 com.google.android.gms.common.stats.GmsCoreStatsService pkg=com.google.android.gms proc=65c18890} without owner
I/ActivityManager(  620):   Force stopping service ServiceRecord{65f96430 u0 com.google.android.gms/.gcm.GcmService}
I/ActivityManager(  620):   Force stopping service ServiceRecord{65dc6958 u0 com.google.android.gms/.deviceconnection.service.DeviceConnectionServiceBroker}
I/ActivityManager(  620):   Force stopping service ServiceRecord{65f1d5c8 u0 com.google.android.gms/.common.stats.GmsCoreStatsService}
V/BackupManagerService(  620): Running a backup pass
D/ConnectivityService(  620): Sampling interval elapsed, updating statistics ..
D/ConnectivityService(  620): Done.
D/ConnectivityService(  620): Setting timer for 720seconds
W/BackupManagerService(  620): Requested unavailable transport: com.google.android.backup/.BackupTransportService
V/BackupManagerService(  620): Backup requested but no transport available
I/PowerManagerService(  620): Waking up from sleep...
I/WindowManager(  620): Lock screen displayed!
D/DisplayPowerController(  620): Unblocked screen on after 30311987 ms
I/ActivityManager(  620): Start proc com.google.android.gms for service com.google.android.gms/.security.snet.SnetService: pid=3459 uid=10007 gids={50007, 3003, 1007, 1028, 1015, 3002, 3001, 3007, 2001, 3006}
W/FileUtils( 2432): Failed to chmod(/storage/emulated/0/baidu/pushservice/database/pushstat_4.1.1.107.db): libcore.io.ErrnoException: chmod failed: EPERM (Operation not permitted)
I/ActivityManager(  620): Start proc com.google.process.gapps for content provider com.google.android.gsf/.gservices.GservicesProvider: pid=3515 uid=10007 gids={50007, 3003, 1007, 1028, 1015, 3002, 3001, 3007, 2001, 3006}
W/InputMethodManagerService(  620): Window already focused, ignoring focus gain of: com.android.internal.view.IInputMethodClient$Stub$Proxy@6567fae0 attribute=android.view.inputmethod.EditorInfo@65b1f7d8, token = android.os.BinderProxy@652c6678
I/ActivityManager(  620): Start proc android.process.acore for content provider com.android.providers.userdictionary/.UserDictionaryProvider: pid=3558 uid=10003 gids={50003, 3003, 1028, 1015}
I/ActivityManager(  620): Start proc com.google.android.gms.persistent for service com.google.android.gms/.common.stats.GmsCoreStatsService: pid=3591 uid=10007 gids={50007, 3003, 1007, 1028, 1015, 3002, 3001, 3007, 2001, 3006}
I/ActivityManager(  620): Start proc com.google.android.gms.wearable for service com.google.android.gms/.wearable.service.WearableService: pid=3615 uid=10007 gids={50007, 3003, 1007, 1028, 1015, 3002, 3001, 3007, 2001, 3006}
I/ActivityManager(  620): Delay finish: com.google.android.gms/.gcm.ServiceAutoStarter
I/ActivityManager(  620): Resuming delayed broadcast
I/ActivityManager(  620): Delay finish: com.google.android.gms/.init.InitializeGmsReceiver
I/ActivityManager(  620): Resuming delayed broadcast
I/ActivityManager(  620): Delay finish: com.eg.android.AlipayGphone/com.alipay.pushsdk.BroadcastActionReceiver
I/ActivityManager(  620): Resuming delayed broadcast
I/ActivityManager(  620): Delay finish: com.google.android.gms/.init.InitializeGmsReceiver
I/ActivityManager(  620): Resuming delayed broadcast
I/ActivityManager(  620): Delay finish: com.google.android.gms/.init.InitializeGmsReceiver
I/ActivityManager(  620): Resuming delayed broadcast
I/ActivityManager(  620): Waited long enough for: ServiceRecord{65f74f08 u0 com.google.android.gms/.common.stats.GmsCoreStatsService}
I/ActivityManager(  620): Waited long enough for: ServiceRecord{65f02598 u0 com.google.android.gms/.deviceconnection.service.DeviceConnectionServiceBroker}
I/ActivityManager(  620): Force stopping com.android.providers.userdictionary appid=10003 user=0: from pid 620
I/ActivityManager(  620): Killing 3558:android.process.acore/u0a3 (adj 13): stop com.android.providers.userdictionary
D/ConnectivityService(  620): handleInetConditionHoldEnd: net=1, condition=0, published condition=0
I/PowerManagerService(  620): Going to sleep due to screen timeout...
I/ActivityManager(  620): Start proc android.process.acore for content provider com.android.providers.userdictionary/.UserDictionaryProvider: pid=3688 uid=10003 gids={50003, 3003, 1028, 1015}
D/ConnectivityService(  620): handleInetConditionHoldEnd: net=1, condition=0, published condition=0
I/ActivityManager(  620): Force stopping com.android.providers.userdictionary appid=10003 user=0: from pid 620
I/ActivityManager(  620): Killing 3688:android.process.acore/u0a3 (adj 9): stop com.android.providers.userdictionary
I/PowerManagerService(  620): Waking up from sleep...
I/WindowManager(  620): Lock screen displayed!
D/DisplayPowerController(  620): Unblocked screen on after 30440217 ms
W/ProcessCpuTracker(  620): Skipping unknown process pid 3750
W/ProcessCpuTracker(  620): Skipping unknown process pid 3752
W/ProcessCpuTracker(  620): Skipping unknown process pid 3787
W/InputMethodManagerService(  620): Window already focused, ignoring focus gain of: com.android.internal.view.IInputMethodClient$Stub$Proxy@65ca1a58 attribute=android.view.inputmethod.EditorInfo@65ca1a68, token = android.os.BinderProxy@652c6678
I/ActivityManager(  620): Start proc android.process.acore for content provider com.android.providers.userdictionary/.UserDictionaryProvider: pid=3833 uid=10003 gids={50003, 3003, 1028, 1015}
I/ActivityManager(  620): START u0 {act=android.intent.action.MAIN cat=[android.intent.category.HOME] flg=0x10200000 cmp=com.android.launcher/com.android.launcher2.Launcher} from pid 620
D/ConnectivityService(  620): handleInetConditionHoldEnd: net=1, condition=0, published condition=0
I/ActivityManager(  620): START u0 {act=android.intent.action.MAIN cat=[android.intent.category.LAUNCHER] flg=0x10200000 cmp=com.htinns/.UI.LoadingActivity} from pid 952
I/ActivityManager(  620): Force stopping com.android.providers.userdictionary appid=10003 user=0: from pid 620
I/ActivityManager(  620): Killing 3833:android.process.acore/u0a3 (adj 9): stop com.android.providers.userdictionary
D/ConnectivityService(  620): handleInetConditionHoldEnd: net=1, condition=0, published condition=0
I/PowerManagerService(  620): Going to sleep due to screen timeout...
I/ActivityManager(  620): Start proc android.process.acore for content provider com.android.providers.userdictionary/.UserDictionaryProvider: pid=3950 uid=10003 gids={50003, 3003, 1028, 1015}
I/ActivityManager(  620): Force stopping com.android.providers.userdictionary appid=10003 user=0: from pid 620
I/ActivityManager(  620): Killing 3950:android.process.acore/u0a3 (adj 9): stop com.android.providers.userdictionary
D/ConnectivityService(  620): handleInetConditionHoldEnd: net=1, condition=0, published condition=0
I/ActivityManager(  620): Force stopping com.google.android.gsf appid=10007 user=0: from pid 620
I/ActivityManager(  620): Killing 3515:com.google.process.gapps/u0a7 (adj 5): stop com.google.android.gsf
W/ActivityManager(  620): Scheduling restart of crashed service com.google.android.gms/.gcm.GcmService in 1000ms
F/ActivityManager(  620): Service ServiceRecord{65f94820 u0 com.google.android.gms/.gcm.http.GoogleHttpService} in process ProcessRecord{64e60420 3515:com.google.process.gapps/u0a7} not same as in map: null
I/ActivityManager(  620): Force stopping com.google.android.gms appid=10007 user=0: from pid 620
I/ActivityManager(  620): Killing 3591:com.google.android.gms.persistent/u0a7 (adj 5): stop com.google.android.gms
W/ActivityManager(  620): Scheduling restart of crashed service com.google.android.gms/.common.stats.GmsCoreStatsService in 10924ms
W/ActivityManager(  620): Scheduling restart of crashed service com.google.android.gms/.deviceconnection.service.DeviceConnectionServiceBroker in 20924ms
I/ActivityManager(  620): Killing 3615:com.google.android.gms.wearable/u0a7 (adj 15): stop com.google.android.gms
I/ActivityManager(  620): Killing 3459:com.google.android.gms/u0a7 (adj 13): stop com.google.android.gms
F/ProcessStats(  620): Starting service ServiceState{65e014e0 com.google.android.gms.gcm.GcmService pkg=com.google.android.gms proc=65e014e0} without owner
F/ProcessStats(  620): Starting service ServiceState{65b0f0b8 com.google.android.gms.deviceconnection.service.DeviceConnectionServiceBroker pkg=com.google.android.gms proc=65b0f0b8} without owner
F/ProcessStats(  620): Starting service ServiceState{65c18890 com.google.android.gms.common.stats.GmsCoreStatsService pkg=com.google.android.gms proc=65c18890} without owner
I/ActivityManager(  620):   Force stopping service ServiceRecord{65f94930 u0 com.google.android.gms/.gcm.GcmService}
I/ActivityManager(  620):   Force stopping service ServiceRecord{65f02598 u0 com.google.android.gms/.deviceconnection.service.DeviceConnectionServiceBroker}
I/ActivityManager(  620):   Force stopping service ServiceRecord{65f74f08 u0 com.google.android.gms/.common.stats.GmsCoreStatsService}
D/MobileDataStateTracker(  620): default: setPolicyDataEnable(enabled=true)
I/PowerManagerService(  620): Waking up from sleep...
I/WindowManager(  620): Lock screen displayed!
D/DisplayPowerController(  620): Unblocked screen on after 30777752 ms
I/ActivityManager(  620): Start proc com.google.android.gms for service com.google.android.gms/.security.snet.SnetService: pid=4034 uid=10007 gids={50007, 3003, 1007, 1028, 1015, 3002, 3001, 3007, 2001, 3006}
W/FileUtils( 2432): Failed to chmod(/storage/emulated/0/baidu/pushservice/database/pushstat_4.1.1.107.db): libcore.io.ErrnoException: chmod failed: EPERM (Operation not permitted)
I/ActivityManager(  620): Start proc com.google.process.gapps for content provider com.google.android.gsf/.gservices.GservicesProvider: pid=4079 uid=10007 gids={50007, 3003, 1007, 1028, 1015, 3002, 3001, 3007, 2001, 3006}
W/InputMethodManagerService(  620): Window already focused, ignoring focus gain of: com.android.internal.view.IInputMethodClient$Stub$Proxy@659e87b8 attribute=android.view.inputmethod.EditorInfo@65aef398, token = android.os.BinderProxy@652c6678
I/ActivityManager(  620): Start proc android.process.acore for content provider com.android.providers.userdictionary/.UserDictionaryProvider: pid=4133 uid=10003 gids={50003, 3003, 1028, 1015}
I/ActivityManager(  620): Start proc com.google.android.gms.persistent for service com.google.android.gms/.common.stats.GmsCoreStatsService: pid=4168 uid=10007 gids={50007, 3003, 1007, 1028, 1015, 3002, 3001, 3007, 2001, 3006}
I/ActivityManager(  620): Start proc com.google.android.gms.wearable for service com.google.android.gms/.wearable.service.WearableService: pid=4192 uid=10007 gids={50007, 3003, 1007, 1028, 1015, 3002, 3001, 3007, 2001, 3006}
I/ActivityManager(  620): Delay finish: com.google.android.gms/.init.InitializeGmsReceiver
I/ActivityManager(  620): Resuming delayed broadcast
I/ActivityManager(  620): Delay finish: com.eg.android.AlipayGphone/com.alipay.pushsdk.BroadcastActionReceiver
I/ActivityManager(  620): Resuming delayed broadcast
I/ActivityManager(  620): Delay finish: com.google.android.gms/.init.InitializeGmsReceiver
I/ActivityManager(  620): Resuming delayed broadcast
I/ActivityManager(  620): Delay finish: com.google.android.gms/.init.InitializeGmsReceiver
I/ActivityManager(  620): Resuming delayed broadcast
I/ActivityManager(  620): Waited long enough for: ServiceRecord{65f2d968 u0 com.google.android.gms/.common.stats.GmsCoreStatsService}
I/ActivityManager(  620): Waited long enough for: ServiceRecord{65e454b0 u0 com.google.android.gms/.deviceconnection.service.DeviceConnectionServiceBroker}
I/ActivityManager(  620): Force stopping com.android.providers.userdictionary appid=10003 user=0: from pid 620
I/ActivityManager(  620): Killing 4133:android.process.acore/u0a3 (adj 13): stop com.android.providers.userdictionary
D/ConnectivityService(  620): handleInetConditionHoldEnd: net=1, condition=0, published condition=0
I/PowerManagerService(  620): Going to sleep due to screen timeout...
I/ProcessStatsService(  620): Prepared write state in 5ms
I/ActivityManager(  620): Start proc android.process.acore for content provider com.android.providers.userdictionary/.UserDictionaryProvider: pid=4290 uid=10003 gids={50003, 3003, 1028, 1015}
D/ConnectivityService(  620): handleInetConditionHoldEnd: net=1, condition=0, published condition=0
W/FileUtils( 2432): Failed to chmod(/storage/emulated/0/baidu/pushservice/database/pushstat_4.1.1.107.db): libcore.io.ErrnoException: chmod failed: EPERM (Operation not permitted)
I/ActivityManager(  620): Force stopping com.android.providers.userdictionary appid=10003 user=0: from pid 620
I/ActivityManager(  620): Killing 4290:android.process.acore/u0a3 (adj 9): stop com.android.providers.userdictionary
I/ActivityManager(  620): Force stopping com.google.android.gsf appid=10007 user=0: from pid 620
I/ActivityManager(  620): Killing 4079:com.google.process.gapps/u0a7 (adj 5): stop com.google.android.gsf
W/ActivityManager(  620): Scheduling restart of crashed service com.google.android.gms/.gcm.GcmService in 1000ms
