F/ProcessStats(  620): Starting service ServiceState{65b0d638 com.google.android.gms.deviceconnection.service.DeviceConnectionServiceBroker pkg=com.google.android.gms proc=65b0d638} without owner
F/ProcessStats(  620): Starting service ServiceState{65af4890 com.google.android.gms.common.stats.GmsCoreStatsService pkg=com.google.android.gms proc=65af4890} without owner
I/ActivityManager(  620):   Force stopping service ServiceRecord{65ffdf10 u0 com.google.android.gms/.gcm.GcmService}
I/ActivityManager(  620):   Force stopping service ServiceRecord{65e6c480 u0 com.google.android.gms/.deviceconnection.service.DeviceConnectionServiceBroker}
I/ActivityManager(  620):   Force stopping service ServiceRecord{65f2de80 u0 com.google.android.gms/.common.stats.GmsCoreStatsService}
I/PowerManagerService(  620): Waking up from sleep...
I/WindowManager(  620): Lock screen displayed!
D/DisplayPowerController(  620): Unblocked screen on after 33593327 ms
I/ActivityManager(  620): Start proc com.google.android.gms for service com.google.android.gms/.security.snet.SnetService: pid=9214 uid=10007 gids={50007, 3003, 1007, 1028, 1015, 3002, 3001, 3007, 2001, 3006}
I/ActivityManager(  620): Start proc com.google.process.gapps for content provider com.google.android.gsf/.gservices.GservicesProvider: pid=9260 uid=10007 gids={50007, 3003, 1007, 1028, 1015, 3002, 3001, 3007, 2001, 3006}
W/InputMethodManagerService(  620): Window already focused, ignoring focus gain of: com.android.internal.view.IInputMethodClient$Stub$Proxy@659ed740 attribute=android.view.inputmethod.EditorInfo@65b35200, token = android.os.BinderProxy@6575e4d8
I/ActivityManager(  620): Start proc android.process.acore for content provider com.android.providers.userdictionary/.UserDictionaryProvider: pid=9307 uid=10003 gids={50003, 3003, 1028, 1015}
I/ActivityManager(  620): Start proc com.google.android.gms.persistent for service com.google.android.gms/.common.stats.GmsCoreStatsService: pid=9340 uid=10007 gids={50007, 3003, 1007, 1028, 1015, 3002, 3001, 3007, 2001, 3006}
I/ActivityManager(  620): Start proc com.google.android.gms.wearable for service com.google.android.gms/.wearable.service.WearableService: pid=9366 uid=10007 gids={50007, 3003, 1007, 1028, 1015, 3002, 3001, 3007, 2001, 3006}
I/ActivityManager(  620): Delay finish: com.google.android.gms/.subscribedfeeds.ConfigurationReceiver
I/ActivityManager(  620): Resuming delayed broadcast
I/ActivityManager(  620): Delay finish: com.google.android.gms/.init.InitializeGmsReceiver
I/ActivityManager(  620): Resuming delayed broadcast
I/ActivityManager(  620): Delay finish: com.eg.android.AlipayGphone/com.alipay.pushsdk.BroadcastActionReceiver
I/ActivityManager(  620): Resuming delayed broadcast
I/ActivityManager(  620): Delay finish: com.google.android.gms/.init.InitializeGmsReceiver
I/ActivityManager(  620): Resuming delayed broadcast
I/ActivityManager(  620): Delay finish: com.google.android.gms/.init.InitializeGmsReceiver
I/ActivityManager(  620): Resuming delayed broadcast
I/ActivityManager(  620): START u0 {act=android.intent.action.MAIN cat=[android.intent.category.HOME] flg=0x10200000 cmp=com.android.launcher/com.android.launcher2.Launcher} from pid 620
I/ActivityManager(  620): Process com.lbe.security (pid 9075) has died.
I/PackageParser( 1347): io.appium.settings: compat added android.permission.WRITE_EXTERNAL_STORAGE
W/ActivityManager(  620): No content provider found for permission revoke: file:///data/local/tmp/settings_apk-debug.apk
W/ActivityManager(  620): No content provider found for permission revoke: file:///data/local/tmp/settings_apk-debug.apk
I/PackageManager(  620): Copying native libraries to /data/app-lib/vmdl639562921
I/PackageParser(  620): io.appium.settings: compat added android.permission.WRITE_EXTERNAL_STORAGE
W/PackageManager(  620): Attempt to re-install io.appium.settings without first uninstalling.
I/ActivityManager(  620): Waited long enough for: ServiceRecord{65f3cbe0 u0 com.google.android.gms/.common.stats.GmsCoreStatsService}
I/PackageParser( 1347): io.appium.unlock: compat added android.permission.WRITE_EXTERNAL_STORAGE android.permission.READ_PHONE_STATE
I/ActivityManager(  620): Waited long enough for: ServiceRecord{65e76288 u0 com.google.android.gms/.deviceconnection.service.DeviceConnectionServiceBroker}
W/ActivityManager(  620): No content provider found for permission revoke: file:///data/local/tmp/unlock_apk-debug.apk
W/ActivityManager(  620): No content provider found for permission revoke: file:///data/local/tmp/unlock_apk-debug.apk
I/PackageManager(  620): Copying native libraries to /data/app-lib/vmdl521000675
I/PackageParser(  620): io.appium.unlock: compat added android.permission.WRITE_EXTERNAL_STORAGE android.permission.READ_PHONE_STATE
W/PackageManager(  620): Attempt to re-install io.appium.unlock without first uninstalling.
I/ActivityManager(  620): Force stopping com.android.calculator2 appid=10029 user=0: from pid 9531
I/ActivityManager(  620): Killing 7619:com.android.calculator2/u0a29 (adj 7): stop com.android.calculator2
I/ActivityManager(  620):   Force finishing activity ActivityRecord{64eae868 u0 com.android.calculator2/.Calculator t34}
I/WindowState(  620): WIN DEATH: Window{64eb3bf8 u0 com.android.calculator2/com.android.calculator2.Calculator}
I/ActivityManager(  620): START u0 {act=android.intent.action.MAIN cat=[android.intent.category.LAUNCHER] flg=0x10200000 cmp=com.android.calculator2/.Calculator} from pid 9531
I/ActivityManager(  620): Start proc com.android.calculator2 for activity com.android.calculator2/.Calculator: pid=9555 uid=10029 gids={50029}
I/ActivityManager(  620): START u0 {act=android.intent.action.MAIN cat=[android.intent.category.HOME] flg=0x10200000 cmp=com.android.launcher/com.android.launcher2.Launcher} from pid 620
W/InputMethodManagerService(  620): Window already focused, ignoring focus gain of: com.android.internal.view.IInputMethodClient$Stub$Proxy@65a50438 attribute=null, token = android.os.BinderProxy@658eb658
I/ActivityManager(  620): Force stopping com.android.providers.userdictionary appid=10003 user=0: from pid 620
I/ActivityManager(  620): Killing 9307:android.process.acore/u0a3 (adj 11): stop com.android.providers.userdictionary
D/ConnectivityService(  620): handleInetConditionHoldEnd: net=1, condition=0, published condition=0
I/PowerManagerService(  620): Going to sleep due to screen timeout...
D/ConnectivityService(  620): handleInetConditionHoldEnd: net=1, condition=0, published condition=0
I/ActivityManager(  620): Start proc android.process.acore for content provider com.android.providers.userdictionary/.UserDictionaryProvider: pid=9686 uid=10003 gids={50003, 3003, 1028, 1015}
I/PowerManagerService(  620): Waking up from sleep...
I/WindowManager(  620): No lock screen! windowToken=null
D/DisplayPowerController(  620): Unblocked screen on after 33691952 ms
V/BackupManagerService(  620): Running a backup pass
W/BackupManagerService(  620): Requested unavailable transport: com.google.android.backup/.BackupTransportService
V/BackupManagerService(  620): Backup requested but no transport available
D/ConnectivityService(  620): handleInetConditionHoldEnd: net=1, condition=0, published condition=0
I/PackageParser( 1347): io.appium.settings: compat added android.permission.WRITE_EXTERNAL_STORAGE
W/ActivityManager(  620): No content provider found for permission revoke: file:///data/local/tmp/settings_apk-debug.apk
W/ActivityManager(  620): No content provider found for permission revoke: file:///data/local/tmp/settings_apk-debug.apk
I/PackageManager(  620): Copying native libraries to /data/app-lib/vmdl1143214464
I/PackageParser(  620): io.appium.settings: compat added android.permission.WRITE_EXTERNAL_STORAGE
W/PackageManager(  620): Attempt to re-install io.appium.settings without first uninstalling.
I/PackageParser( 1347): io.appium.unlock: compat added android.permission.WRITE_EXTERNAL_STORAGE android.permission.READ_PHONE_STATE
W/ActivityManager(  620): No content provider found for permission revoke: file:///data/local/tmp/unlock_apk-debug.apk
W/ActivityManager(  620): No content provider found for permission revoke: file:///data/local/tmp/unlock_apk-debug.apk
I/PackageManager(  620): Copying native libraries to /data/app-lib/vmdl683974758
I/PackageParser(  620): io.appium.unlock: compat added android.permission.WRITE_EXTERNAL_STORAGE android.permission.READ_PHONE_STATE
W/PackageManager(  620): Attempt to re-install io.appium.unlock without first uninstalling.
I/ActivityManager(  620): Force stopping com.android.calculator2 appid=10029 user=0: from pid 9846
I/ActivityManager(  620): Killing 9555:com.android.calculator2/u0a29 (adj 7): stop com.android.calculator2
I/ActivityManager(  620):   Force finishing activity ActivityRecord{659e6d60 u0 com.android.calculator2/.Calculator t41}
I/WindowState(  620): WIN DEATH: Window{65876e50 u0 com.android.calculator2/com.android.calculator2.Calculator}
I/ActivityManager(  620): START u0 {act=android.intent.action.MAIN cat=[android.intent.category.LAUNCHER] flg=0x10200000 cmp=com.android.calculator2/.Calculator} from pid 9846
I/ActivityManager(  620): Start proc com.android.calculator2 for activity com.android.calculator2/.Calculator: pid=9873 uid=10029 gids={50029}
I/ActivityManager(  620): START u0 {act=android.intent.action.MAIN cat=[android.intent.category.HOME] flg=0x10200000 cmp=com.android.launcher/com.android.launcher2.Launcher} from pid 620
W/InputMethodManagerService(  620): Window already focused, ignoring focus gain of: com.android.internal.view.IInputMethodClient$Stub$Proxy@659803a0 attribute=android.view.inputmethod.EditorInfo@659892b0, token = android.os.BinderProxy@658eb658
I/ActivityManager(  620): Force stopping com.android.providers.userdictionary appid=10003 user=0: from pid 620
I/ActivityManager(  620): Killing 9686:android.process.acore/u0a3 (adj 9): stop com.android.providers.userdictionary
D/ConnectivityService(  620): handleInetConditionHoldEnd: net=1, condition=0, published condition=0
I/PowerManagerService(  620): Going to sleep due to screen timeout...
I/ActivityManager(  620): Start proc android.process.acore for content provider com.android.providers.userdictionary/.UserDictionaryProvider: pid=9988 uid=10003 gids={50003, 3003, 1028, 1015}
D/ConnectivityService(  620): handleInetConditionHoldEnd: net=1, condition=0, published condition=0
I/ActivityManager(  620): Force stopping com.android.calculator2 appid=10029 user=0: from pid 620
I/ActivityManager(  620): Killing 9873:com.android.calculator2/u0a29 (adj 7): stop com.android.calculator2
I/ActivityManager(  620):   Force finishing activity ActivityRecord{64ed18e8 u0 com.android.calculator2/.Calculator t42}
I/WindowState(  620): WIN DEATH: Window{64e59648 u0 com.android.calculator2/com.android.calculator2.Calculator}
I/ActivityManager(  620): Force stopping com.android.providers.userdictionary appid=10003 user=0: from pid 620
I/ActivityManager(  620): Killing 9988:android.process.acore/u0a3 (adj 9): stop com.android.providers.userdictionary
D/ConnectivityService(  620): handleInetConditionHoldEnd: net=1, condition=0, published condition=0
I/ActivityManager(  620): Force stopping com.google.android.gsf appid=10007 user=0: from pid 620
I/ActivityManager(  620): Killing 9260:com.google.process.gapps/u0a7 (adj 5): stop com.google.android.gsf
W/ActivityManager(  620): Scheduling restart of crashed service com.google.android.gms/.gcm.GcmService in 1000ms
F/ActivityManager(  620): Service ServiceRecord{65f91990 u0 com.google.android.gms/.gcm.http.GoogleHttpService} in process ProcessRecord{65eb0368 9260:com.google.process.gapps/u0a7} not same as in map: null
I/ActivityManager(  620): Force stopping com.google.android.gms appid=10007 user=0: from pid 620
I/ActivityManager(  620): Killing 9340:com.google.android.gms.persistent/u0a7 (adj 5): stop com.google.android.gms
W/ActivityManager(  620): Scheduling restart of crashed service com.google.android.gms/.common.stats.GmsCoreStatsService in 10917ms
W/ActivityManager(  620): Scheduling restart of crashed service com.google.android.gms/.deviceconnection.service.DeviceConnectionServiceBroker in 20917ms
I/ActivityManager(  620): Killing 9366:com.google.android.gms.wearable/u0a7 (adj 11): stop com.google.android.gms
I/ActivityManager(  620): Killing 9214:com.google.android.gms/u0a7 (adj 11): stop com.google.android.gms
F/ProcessStats(  620): Starting service ServiceState{65b30e10 com.google.android.gms.gcm.GcmService pkg=com.google.android.gms proc=65b30e10} without owner
F/ProcessStats(  620): Starting service ServiceState{65b0d638 com.google.android.gms.deviceconnection.service.DeviceConnectionServiceBroker pkg=com.google.android.gms proc=65b0d638} without owner
F/ProcessStats(  620): Starting service ServiceState{65af4890 com.google.android.gms.common.stats.GmsCoreStatsService pkg=com.google.android.gms proc=65af4890} without owner
I/ActivityManager(  620):   Force stopping service ServiceRecord{65f94930 u0 com.google.android.gms/.gcm.GcmService}
I/ActivityManager(  620):   Force stopping service ServiceRecord{65e76288 u0 com.google.android.gms/.deviceconnection.service.DeviceConnectionServiceBroker}
I/ActivityManager(  620):   Force stopping service ServiceRecord{65f3cbe0 u0 com.google.android.gms/.common.stats.GmsCoreStatsService}
D/ConnectivityService(  620): Sampling interval elapsed, updating statistics ..
D/ConnectivityService(  620): Done.
D/ConnectivityService(  620): Setting timer for 720seconds
I/PowerManagerService(  620): Waking up from sleep...
I/WindowManager(  620): Lock screen displayed!
D/DisplayPowerController(  620): Unblocked screen on after 34037095 ms
I/ActivityManager(  620): Start proc com.google.android.gms for service com.google.android.gms/.security.snet.SnetService: pid=10074 uid=10007 gids={50007, 3003, 1007, 1028, 1015, 3002, 3001, 3007, 2001, 3006}
--------- beginning of /dev/log/main
W/System.err(  620): 	at android.app.IAlarmManager$Stub.onTransact(IAlarmManager.java:75)
W/System.err(  620): 	at android.os.Binder.transact(Binder.java:361)
W/System.err(  620): 	at com.lbe.security.service.core.az.a(AlarmManagerService.java:219)
W/System.err(  620): 	at com.lbe.security.service.core.bd.c(PowerOptimizer.java:1045)
W/System.err(  620): 	at com.lbe.security.service.core.bd.a(PowerOptimizer.java:667)
W/System.err(  620): 	at com.lbe.security.service.core.bg.onReceive(PowerOptimizer.java:442)
W/System.err(  620): 	at android.app.LoadedApk$ReceiverDispatcher$Args.run(LoadedApk.java:759)
W/System.err(  620): 	at android.os.Handler.handleCallback(Handler.java:733)
W/System.err(  620): 	at android.os.Handler.dispatchMessage(Handler.java:95)
W/System.err(  620): 	at android.os.Looper.loop(Looper.java:136)
W/System.err(  620): 	at com.android.server.ServerThread.initAndLoop(SystemServer.java:1093)
W/System.err(  620): 	at com.android.server.SystemServer.main(SystemServer.java:1179)
W/System.err(  620): 	at java.lang.reflect.Method.invoke(Native Method)
W/System.err(  620): 	at com.android.internal.os.ZygoteInit$MethodAndArgsCaller.run(ZygoteInit.java:785)
W/System.err(  620): 	at com.android.internal.os.ZygoteInit.main(ZygoteInit.java:601)
I/LBE-Sec (  620): manually enabled alarm Alarm{packageName='com.android.keyguard', type=2, when=-3633 seconds, windowLength=0, repeatInterval=0 seconds, operation=PendingIntent{659de720: PendingIntentRecord{659f52e0 com.android.keyguard broadcastIntent}}, workSource=null, disabled=true}
I/LBE-Sec (  620): manually enabled alarm Alarm{packageName='com.android.keyguard', type=2, when=-22400 seconds, windowLength=0, repeatInterval=0 seconds, operation=PendingIntent{65ded9a0: PendingIntentRecord{65dee5a0 com.android.keyguard broadcastIntent}}, workSource=null, disabled=true}
I/LBE-Sec (  620): manually enabled alarm Alarm{packageName='com.google.android.gms', type=2, when=52398 seconds, windowLength=0, repeatInterval=86400 seconds, operation=PendingIntent{6567a280: PendingIntentRecord{656738e8 com.google.android.gms broadcastIntent}}, workSource=null, disabled=true}
I/LBE-Sec (  620): manually enabled alarm Alarm{packageName='com.android.keyguard', type=2, when=-31353 seconds, windowLength=0, repeatInterval=0 seconds, operation=PendingIntent{6548acc0: PendingIntentRecord{65a4b918 com.android.keyguard broadcastIntent}}, workSource=null, disabled=true}
I/LBE-Sec (  620): manually enabled alarm Alarm{packageName='com.android.keyguard', type=2, when=-1860 seconds, windowLength=0, repeatInterval=0 seconds, operation=PendingIntent{65a26520: PendingIntentRecord{65a85b30 com.android.keyguard broadcastIntent}}, workSource=null, disabled=true}
I/LBE-Sec (  620): manually enabled alarm Alarm{packageName='com.google.android.gms', type=2, when=-20830 seconds, windowLength=0, repeatInterval=0 seconds, operation=PendingIntent{659684a0: PendingIntentRecord{65961690 com.google.android.gms broadcastIntent}}, workSource=null, disabled=true}
I/LBE-Sec (  620): com.google.android.gms wakes from alarm
I/LBE-Sec (  620): manually enabled alarm Alarm{packageName='com.android.keyguard', type=2, when=-3167 seconds, windowLength=0, repeatInterval=0 seconds, operation=PendingIntent{65d89c90: PendingIntentRecord{65d89bf0 com.android.keyguard broadcastIntent}}, workSource=null, disabled=true}
I/LBE-Sec (  620): manually enabled alarm Alarm{packageName='com.android.keyguard', type=2, when=-2028 seconds, windowLength=0, repeatInterval=0 seconds, operation=PendingIntent{653e6768: PendingIntentRecord{64e62f38 com.android.keyguard broadcastIntent}}, workSource=null, disabled=true}
I/LBE-Sec (  620): manually enabled alarm Alarm{packageName='com.android.keyguard', type=2, when=-4607 seconds, windowLength=0, repeatInterval=0 seconds, operation=PendingIntent{654ffea0: PendingIntentRecord{658cdd18 com.android.keyguard broadcastIntent}}, workSource=null, disabled=true}
I/LBE-Sec (  620): manually enabled alarm Alarm{packageName='com.google.android.gms', type=2, when=-88 seconds, windowLength=-1, repeatInterval=0 seconds, operation=PendingIntent{65a024d0: PendingIntentRecord{657ce138 com.google.android.gms broadcastIntent}}, workSource=null, disabled=true}
I/LBE-Sec (  620): com.google.android.gms wakes from alarm
I/LBE-Sec (  620): manually enabled alarm Alarm{packageName='com.android.keyguard', type=2, when=-16238 seconds, windowLength=0, repeatInterval=0 seconds, operation=PendingIntent{65b5b2c8: PendingIntentRecord{65ca7858 com.android.keyguard broadcastIntent}}, workSource=null, disabled=true}
I/LBE-Sec (  620): manually enabled alarm Alarm{packageName='com.android.keyguard', type=2, when=-33510 seconds, windowLength=0, repeatInterval=0 seconds, operation=PendingIntent{6596c8a8: PendingIntentRecord{6599cb68 com.android.keyguard broadcastIntent}}, workSource=null, disabled=true}
I/LBE-Sec (  620): manually enabled alarm Alarm{packageName='com.android.keyguard', type=2, when=-32239 seconds, windowLength=0, repeatInterval=0 seconds, operation=PendingIntent{65bbb910: PendingIntentRecord{65cdc6a8 com.android.keyguard broadcastIntent}}, workSource=null, disabled=true}
I/LBE-Sec (  620): manually enabled alarm Alarm{packageName='com.android.keyguard', type=2, when=-12113 seconds, windowLength=0, repeatInterval=0 seconds, operation=PendingIntent{65470478: PendingIntentRecord{65684ed8 com.android.keyguard broadcastIntent}}, workSource=null, disabled=true}
I/LBE-Sec (  620): manually enabled alarm Alarm{packageName='com.google.android.gms', type=2, when=-24421 seconds, windowLength=0, repeatInterval=0 seconds, operation=PendingIntent{65767868: PendingIntentRecord{655b1b18 com.google.android.gms broadcastIntent}}, workSource=null, disabled=true}
I/LBE-Sec (  620): com.google.android.gms wakes from alarm
I/LBE-Sec (  620): manually enabled alarm Alarm{packageName='com.android.keyguard', type=2, when=-22637 seconds, windowLength=0, repeatInterval=0 seconds, operation=PendingIntent{65802bd0: PendingIntentRecord{65bca9d8 com.android.keyguard broadcastIntent}}, workSource=null, disabled=true}
I/LBE-Sec (  620): manually enabled alarm Alarm{packageName='com.android.keyguard', type=2, when=-33244 seconds, windowLength=0, repeatInterval=0 seconds, operation=PendingIntent{65a86f68: PendingIntentRecord{65b40b38 com.android.keyguard broadcastIntent}}, workSource=null, disabled=true}
I/LBE-Sec (  620): manually enabled alarm Alarm{packageName='com.google.android.gms', type=2, when=1826483 seconds, windowLength=-1, repeatInterval=0 seconds, operation=PendingIntent{65b2dbc0: PendingIntentRecord{65957360 com.google.android.gms startService}}, workSource=null, disabled=true}
I/LBE-Sec (  620): manually enabled alarm Alarm{packageName='com.android.keyguard', type=2, when=-5967 seconds, windowLength=0, repeatInterval=0 seconds, operation=PendingIntent{65d59728: PendingIntentRecord{65d596b0 com.android.keyguard broadcastIntent}}, workSource=null, disabled=true}
I/LBE-Sec (  620): manually enabled alarm Alarm{packageName='com.android.keyguard', type=2, when=-326 seconds, windowLength=0, repeatInterval=0 seconds, operation=PendingIntent{65658610: PendingIntentRecord{65610540 com.android.keyguard broadcastIntent}}, workSource=null, disabled=true}
I/LBE-Sec (  620): manually enabled alarm Alarm{packageName='com.android.keyguard', type=2, when=-17684 seconds, windowLength=0, repeatInterval=0 seconds, operation=PendingIntent{65ffe6e0: PendingIntentRecord{65ce8140 com.android.keyguard broadcastIntent}}, workSource=null, disabled=true}
I/LBE-Sec (  620): manually enabled alarm Alarm{packageName='com.google.android.gms', type=2, when=1826483 seconds, windowLength=-1, repeatInterval=0 seconds, operation=PendingIntent{65dfc9f8: PendingIntentRecord{65949198 com.google.android.gms startService}}, workSource=null, disabled=true}
W/SharedPreferencesManager(11258): getBoolean() : name = nfdwifi_nfd_settings : key = enable_auto_nfd : defValue = true
W/SharedPreferencesManager(11258): getBoolean() : name = nfdwifi_nfd_settings : key = enable_auto_nfd : defValue = true
W/SharedPreferencesManager(11258): getBoolean() : name = nfdwifi_nfd_settings : key = enable_auto_nfd : defValue = true
W/SharedPreferencesManager(11258): putInt() : name = nfdwifi_wifi_update_key : key = wifiCount : value = 0
W/SharedPreferencesManager(11258): putInt() : name = nfdwifi_wifi_update_key : key = mobileCount : value = 0
W/SharedPreferencesManager(11258): putInt() : name = nfdwifi_wifi_update_key : key = syncLevel : value = 0
W/SharedPreferencesManager(11258): getInt() : name = nfdwifi_wifi_update_key : key = lastTime : defValue = 0
W/SharedPreferencesManager(11258): getInt() : name = nfdwifi_wifi_lbs_key : key = lbs_last_time : defValue = 1432049670956
W/art     (10074): Failed to find ELF magic in /system/framework/com.android.location.provider.odex: dey
W/art     (10074): Failed to find ELF magic in /system/framework/com.android.media.remotedisplay.odex: dey
I/MultiDex(10074): VM with version 2.0.0 does not have multidex support
I/MultiDex(10074): install
I/MultiDex(10074): MultiDexExtractor.load(/data/app/com.google.android.gms-2.apk, false)
I/MultiDex(10074): loading existing secondary dex files
I/MultiDex(10074): load found 3 secondary dex files
I/MultiDex(10074): install done
I/art     (10074): GcCauseBackground sticky partial concurrent mark sweep GC freed 16244(947KB) AllocSpace objects, 3(48KB) LOS objects, 8% free, 9MB/10MB, paused 6.317ms total 38.852ms
D/ChimeraPrvdrProxy(10074): Provider proxy ComponentInfo{com.google.android.gms/com.google.android.gms.games.chimera.GamesContentProviderProxy} created
I/ActivityManager(  620): Start proc com.google.process.gapps for content provider com.google.android.gsf/.gservices.GservicesProvider: pid=10119 uid=10007 gids={50007, 3003, 1007, 1028, 1015, 3002, 3001, 3007, 2001, 3006}
W/art     (10119): Failed to find ELF magic in /system/priv-app/GoogleServicesFramework.odex: dey
W/art     (10119): Failed to find ELF magic in /system/app/GoogleContactsSyncAdapter.odex: dey
I/GservicesProvider(10119): Gservices pushing to system: true; secure/global: true
I/ProviderInstaller(10074): Insert disabled by gate 'gms:security:enable_conscrypt_in_gms_application'
D/ChimeraPrvdrProxy(10074): Loading provider implementation for ComponentInfo{com.google.android.gms/com.google.android.gms.games.chimera.GamesContentProviderProxy}
W/art     (10119): Failed to find ELF magic in /system/framework/com.android.location.provider.odex: dey
W/art     (10119): Failed to find ELF magic in /system/framework/com.android.media.remotedisplay.odex: dey
I/MultiDex(10119): VM with version 2.0.0 does not have multidex support
I/MultiDex(10119): install
I/MultiDex(10119): MultiDexExtractor.load(/data/app/com.google.android.gms-2.apk, false)
I/MultiDex(10119): loading existing secondary dex files
I/MultiDex(10119): load found 3 secondary dex files
I/MultiDex(10119): install done
D/ChimeraPrvdrProxy(10074): Proxying container provider ComponentInfo{com.google.android.gms/com.google.android.gms.games.chimera.GamesContentProviderProxy} to Chimera provider impl com.google.android.gms.games.provider.GamesContentProvider
D/ChimeraCfgMgr(10074): Loading module com.google.android.gms.games from APK com.google.android.gms
I/ProviderInstaller(10119): Insert disabled by gate 'gms:security:enable_conscrypt_in_gms_application'
I/art     (10119): GcCauseBackground sticky partial concurrent mark sweep GC freed 6066(330KB) AllocSpace objects, 0(0B) LOS objects, 3% free, 10MB/10MB, paused 11.872ms total 51.243ms
D/GCM     (10119): COMPAT: Multi user not supported
I/GoogleURLConnFactory(10119): Using platform SSLCertificateSocketFactory
I/iu.UploadsManager(10074): #reloadSettings(); account: -1; IU: disabled; IS: disabled; IS account: -1; photoWiFi: true; videoWiFi: true; roam: false; battery: true; size: FULL; maxMobile: 157286400
D/SnetService(10074): snet destroyed
I/GCM     (10119): GCM config loaded
D/GCM     (10119): GcmService start Intent { act=com.google.android.gms.INITIALIZE flg=0x10 pkg=com.google.android.gms cmp=com.google.android.gms/.gcm.GcmService } com.google.android.gms.INITIALIZE
D/AuthorizationBluetoothService(10119): Received GmsCore event: Intent { act=com.google.android.gms.INITIALIZE flg=0x10 pkg=com.google.android.gms cmp=com.google.android.gms/.auth.be.proximity.authorization.bt.AuthorizationBluetoothService$AutoStarter }.
E/AuthorizationBluetoothService(10119): Proximity feature is not enabled.
V/GmsCoreStatsServiceLauncher(10074): Received broadcast intent Intent { act=com.google.android.gms.INITIALIZE flg=0x10 pkg=com.google.android.gms cmp=com.google.android.gms/.common.stats.GmsCoreStatsServiceLauncher }
I/ActivityManager(  620): Start proc com.google.android.gms.persistent for service com.google.android.gms/.common.stats.GmsCoreStatsService: pid=10173 uid=10007 gids={50007, 3003, 1007, 1028, 1015, 3002, 3001, 3007, 2001, 3006}
I/art     (  620): Heap trim of managed (duration=22.035710ms, advised=2MB) and native (duration=3.509843ms, advised=484KB) heaps. Managed heap utilization of 66%.
I/iu.UploadsManager(10074): End new media; added: 0, uploading: 0, time: 161 ms
W/art     (10173): Failed to find ELF magic in /system/framework/com.android.location.provider.odex: dey
W/art     (10173): Failed to find ELF magic in /system/framework/com.android.media.remotedisplay.odex: dey
I/MultiDex(10173): VM with version 2.0.0 does not have multidex support
I/MultiDex(10173): install
I/MultiDex(10173): MultiDexExtractor.load(/data/app/com.google.android.gms-2.apk, false)
I/MultiDex(10173): loading existing secondary dex files
I/MultiDex(10173): load found 3 secondary dex files
I/MultiDex(10173): install done
I/art     (10173): Heap trim of managed (duration=1.983824ms, advised=40KB) and native (duration=1.709141ms, advised=20KB) heaps. Managed heap utilization of 60%.
I/ProviderInstaller(10173): Insert disabled by gate 'gms:security:enable_conscrypt_in_gms_application'
I/art     (10074): Heap trim of managed (duration=2.807874ms, advised=44KB) and native (duration=1.709141ms, advised=0B) heaps. Managed heap utilization of 74%.
W/art     (  176): Could not get current activity
I/ActivityManager(  620): Start proc com.google.android.gms.wearable for service com.google.android.gms/.wearable.service.WearableService: pid=10201 uid=10007 gids={50007, 3003, 1007, 1028, 1015, 3002, 3001, 3007, 2001, 3006}
D/GCM     (10119): GcmService start Intent { act=com.google.android.gms.INITIALIZE flg=0x10 pkg=com.google.android.gms cmp=com.google.android.gms/.gcm.GcmService } com.google.android.gms.INITIALIZE
D/AuthorizationBluetoothService(10119): Received GmsCore event: Intent { act=com.google.android.gms.INITIALIZE flg=0x10 pkg=com.google.android.gms cmp=com.google.android.gms/.auth.be.proximity.authorization.bt.AuthorizationBluetoothService$AutoStarter }.
E/AuthorizationBluetoothService(10119): Proximity feature is not enabled.
V/GmsCoreStatsServiceLauncher(10074): Received broadcast intent Intent { act=com.google.android.gms.INITIALIZE flg=0x10 pkg=com.google.android.gms cmp=com.google.android.gms/.common.stats.GmsCoreStatsServiceLauncher }
D/LocationInitializer(10074): Restart initialization of location
I/ActivityManager(  620): Delay finish: com.google.android.gms/.mdm.receivers.MdmPhoneWearInitializer
I/ActivityManager(  620): Resuming delayed broadcast
I/ActivityManager(  620): Delay finish: com.google.android.gms/.init.InitializeGmsReceiver
D/LocationInitializer(10074): Restart initialization of location
I/ActivityManager(  620): Resuming delayed broadcast
D/GCM     (10119): GcmService start Intent { act=com.google.android.gms.INITIALIZE flg=0x10 pkg=com.google.android.gms cmp=com.google.android.gms/.gcm.GcmService } com.google.android.gms.INITIALIZE
D/AuthorizationBluetoothService(10119): Received GmsCore event: Intent { act=com.google.android.gms.INITIALIZE flg=0x10 pkg=com.google.android.gms cmp=com.google.android.gms/.auth.be.proximity.authorization.bt.AuthorizationBluetoothService$AutoStarter }.
E/AuthorizationBluetoothService(10119): Proximity feature is not enabled.
V/GmsCoreStatsServiceLauncher(10074): Received broadcast intent Intent { act=com.google.android.gms.INITIALIZE flg=0x10 pkg=com.google.android.gms cmp=com.google.android.gms/.common.stats.GmsCoreStatsServiceLauncher }
D/LocationInitializer(10074): Restart initialization of location
I/ActivityManager(  620): Delay finish: com.google.android.gms/.init.InitializeGmsReceiver
I/ActivityManager(  620): Resuming delayed broadcast
W/art     (10201): Failed to find ELF magic in /system/framework/com.android.location.provider.odex: dey
W/art     (10201): Failed to find ELF magic in /system/framework/com.android.media.remotedisplay.odex: dey
I/MultiDex(10201): VM with version 2.0.0 does not have multidex support
I/MultiDex(10201): install
I/MultiDex(10201): MultiDexExtractor.load(/data/app/com.google.android.gms-2.apk, false)
I/MultiDex(10201): loading existing secondary dex files
I/MultiDex(10201): load found 3 secondary dex files
I/MultiDex(10201): install done
I/art     (10201): GcCauseBackground sticky partial concurrent mark sweep GC freed 16585(970KB) AllocSpace objects, 3(48KB) LOS objects, 9% free, 8MB/9MB, paused 7.263ms total 40.592ms
I/ProviderInstaller(10201): Insert disabled by gate 'gms:security:enable_conscrypt_in_gms_application'
D/AuthorizationBluetoothService(10119): Received GmsCore event: Intent { act=com.google.android.gms.INITIALIZE flg=0x10 pkg=com.google.android.gms cmp=com.google.android.gms/.auth.be.proximity.authorization.bt.AuthorizationBluetoothService$AutoStarter }.
E/AuthorizationBluetoothService(10119): Proximity feature is not enabled.
V/GmsCoreStatsServiceLauncher(10074): Received broadcast intent Intent { act=com.google.android.gms.INITIALIZE flg=0x10 pkg=com.google.android.gms cmp=com.google.android.gms/.common.stats.GmsCoreStatsServiceLauncher }
D/GCM     (10119): GcmService start Intent { act=com.google.android.gms.INITIALIZE flg=0x10 pkg=com.google.android.gms cmp=com.google.android.gms/.gcm.GcmService } com.google.android.gms.INITIALIZE
I/art     (10201): GcCauseBackground sticky partial concurrent mark sweep GC freed 1214(73KB) AllocSpace objects, 0(0B) LOS objects, 9% free, 9MB/10MB, paused 8.484ms total 33.023ms
I/ActivityManager(  620): Delay finish: com.google.android.gms/.init.InitializeGmsReceiver
D/WearableService(10201): callingUid 10007, callindPid: 10201
D/LocationInitializer(10074): Restart initialization of location
I/ActivityManager(  620): Resuming delayed broadcast
E/GmsWearableLS(10173): GoogleApiClient connection failed: ConnectionResult{statusCode=API_UNAVAILABLE, resolution=null}
E/MDM     (10173): [1891] b.run: Couldn't connect to Google API client: ConnectionResult{statusCode=API_UNAVAILABLE, resolution=null}
E/MDM     (10173): [1892] b.run: Couldn't connect to Google API client: ConnectionResult{statusCode=API_UNAVAILABLE, resolution=null}
E/MDM     (10173): [1893] b.run: Couldn't connect to Google API client: ConnectionResult{statusCode=API_UNAVAILABLE, resolution=null}
E/MDM     (10173): [1894] b.run: Couldn't connect to Google API client: ConnectionResult{statusCode=API_UNAVAILABLE, resolution=null}
D/audio_hw_primary(  178): select_devices: out_snd_device(2: speaker) in_snd_device(0: )
D/ACDB-LOADER(  178): ACDB -> send_afe_cal
I/ActivityManager(  620): Delay finish: com.eg.android.AlipayGphone/com.alipay.pushsdk.BroadcastActionReceiver
W/ContextImpl(11258): Implicit intents with startService are not safe: Intent { act=com.eg.android.AlipayGphone.push.action.START_PUSHSERVICE (has extras) } android.content.ContextWrapper.startService:494 com.alipay.pushsdk.push.AppInfoRecvIntentService.onHandleIntent:1 android.app.IntentService$ServiceHandler.handleMessage:65 
D/PhoneStatusBar(  711): disable: < expand* icons alerts ticker* system_info back* home* recent* clock* search* >
I/ActivityManager(  620): Resuming delayed broadcast
W/InputMethodManagerService(  620): Window already focused, ignoring focus gain of: com.android.internal.view.IInputMethodClient$Stub$Proxy@659070d8 attribute=android.view.inputmethod.EditorInfo@65906800, token = android.os.BinderProxy@658eb658
W/art     (  176): Could not get current activity
D/HOOK    (16223): AssetManager isUpToDate:true
I/ActivityManager(  620): Start proc android.process.acore for content provider com.android.providers.userdictionary/.UserDictionaryProvider: pid=10267 uid=10003 gids={50003, 3003, 1028, 1015}
W/SharedPreferencesManager(11258): putInt() : name = nfdwifi_wifi_update_key : key = wifiCount : value = 0
W/SharedPreferencesManager(11258): putInt() : name = nfdwifi_wifi_update_key : key = mobileCount : value = 0
W/SharedPreferencesManager(11258): putInt() : name = nfdwifi_wifi_update_key : key = syncLevel : value = 0
W/SharedPreferencesManager(11258): getInt() : name = nfdwifi_wifi_update_key : key = lastTime : defValue = 0
W/SharedPreferencesManager(11258): getInt() : name = nfdwifi_wifi_lbs_key : key = lbs_last_time : defValue = 1432049670956
W/art     (10267): Failed to find ELF magic in /system/app/UserDictionaryProvider.odex: dey
W/art     (10267): Failed to find ELF magic in /system/priv-app/ContactsProvider.odex: dey
I/ContactLocale(10267): AddressBook Labels [zh_CN]: [, A, B, C, D, E, F, G, H, I, J, K, L, M, N, O, P, Q, R, S, T, U, V, W, X, Y, Z, , , , , , , , , , , , , , , , , , , , , , , , , , , , , , , , , , , , , , , , , , , , , , , , , , , , , , , , , , , , , , , , , , , , , , , , , , , , , , , , , , , , , , , , , , , , , , , , , , , , , , , , , , , , , , , , , , , , , , , , , , , , , , , , , , , , , , , , , , , , , , , , , , , , , , , , , , , , #, ]
D/AndroidRuntime(10316): 
D/AndroidRuntime(10316): >>>>>> AndroidRuntime START com.android.internal.os.RuntimeInit <<<<<<
D/AndroidRuntime(10316): CheckJNI is OFF
E/art     (10316): Unrecognized option -XX:mainThreadStackSize=24K
W/art     (10316): Ignoring unknown -Xgc option: precise
W/art     (10316): Failed to find ELF magic in /system/framework/pm.odex: dey
W/art     (10316): JNI RegisterNativeMethods: attempt to register 0 native methods for android.content.res.Configuration
D/AndroidRuntime(10316): Calling main entry com.android.commands.pm.Pm
I/PackageParser( 1347): io.appium.settings: compat added android.permission.WRITE_EXTERNAL_STORAGE
I/art     ( 1347): Heap trim of managed (duration=20.875936ms, advised=1020KB) and native (duration=3.021517ms, advised=360KB) heaps. Managed heap utilization of 72%.
W/ActivityManager(  620): No content provider found for permission revoke: file:///data/local/tmp/settings_apk-debug.apk
W/ActivityManager(  620): No content provider found for permission revoke: file:///data/local/tmp/settings_apk-debug.apk
I/PackageManager(  620): Copying native libraries to /data/app-lib/vmdl-682213293
I/PackageParser(  620): io.appium.settings: compat added android.permission.WRITE_EXTERNAL_STORAGE
W/PackageManager(  620): Attempt to re-install io.appium.settings without first uninstalling.
D/AndroidRuntime(10316): Shutting down VM
I/art     (  620): Heap trim of managed (duration=23.439646ms, advised=2MB) and native (duration=6.256676ms, advised=484KB) heaps. Managed heap utilization of 66%.
D/AndroidRuntime(10342): 
D/AndroidRuntime(10342): >>>>>> AndroidRuntime START com.android.internal.os.RuntimeInit <<<<<<
D/AndroidRuntime(10342): CheckJNI is OFF
E/art     (10342): Unrecognized option -XX:mainThreadStackSize=24K
W/art     (10342): Ignoring unknown -Xgc option: precise
W/art     (10342): Failed to find ELF magic in /system/framework/pm.odex: dey
W/art     (10342): JNI RegisterNativeMethods: attempt to register 0 native methods for android.content.res.Configuration
D/AndroidRuntime(10342): Calling main entry com.android.commands.pm.Pm
I/PackageParser( 1347): io.appium.unlock: compat added android.permission.WRITE_EXTERNAL_STORAGE android.permission.READ_PHONE_STATE
W/ActivityManager(  620): No content provider found for permission revoke: file:///data/local/tmp/unlock_apk-debug.apk
W/ActivityManager(  620): No content provider found for permission revoke: file:///data/local/tmp/unlock_apk-debug.apk
I/PackageManager(  620): Copying native libraries to /data/app-lib/vmdl466472975
I/PackageParser(  620): io.appium.unlock: compat added android.permission.WRITE_EXTERNAL_STORAGE android.permission.READ_PHONE_STATE
W/PackageManager(  620): Attempt to re-install io.appium.unlock without first uninstalling.
D/AndroidRuntime(10342): Shutting down VM
I/ActivityManager(  620): Waited long enough for: ServiceRecord{6597a718 u0 com.google.android.gms/.common.stats.GmsCoreStatsService}
D/AndroidRuntime(10367): 
D/AndroidRuntime(10367): >>>>>> AndroidRuntime START com.android.internal.os.RuntimeInit <<<<<<
D/AndroidRuntime(10367): CheckJNI is OFF
E/art     (10367): Unrecognized option -XX:mainThreadStackSize=24K
W/art     (10367): Ignoring unknown -Xgc option: precise
W/art     (10367): Failed to find ELF magic in /system/framework/android.test.runner.odex: dey
W/art     (10367): Failed to find ELF magic in /system/framework/uiautomator.odex: dey
W/art     (10367): JNI RegisterNativeMethods: attempt to register 0 native methods for android.content.res.Configuration
D/AndroidRuntime(10367): Calling main entry com.android.commands.uiautomator.Launcher
I/UiWatchers(10367): Registed GUI Exception watchers
I/ActivityManager(  620): Waited long enough for: ServiceRecord{65e7b2c8 u0 com.google.android.gms/.deviceconnection.service.DeviceConnectionServiceBroker}
D/AndroidRuntime(10392): 
D/AndroidRuntime(10392): >>>>>> AndroidRuntime START com.android.internal.os.RuntimeInit <<<<<<
D/AndroidRuntime(10392): CheckJNI is OFF
E/art     (10392): Unrecognized option -XX:mainThreadStackSize=24K
W/art     (10392): Ignoring unknown -Xgc option: precise
W/ResourceType(  952): No known package when getting name for resource number 0x9b000000
W/ResourceType(  952): No known package when getting name for resource number 0x9b010100
W/ResourceType(  952): No known package when getting name for resource number 0x9b030300
W/ResourceType(  952): No known package when getting name for resource number 0x9b040400
W/ResourceType(  952): No known package when getting name for resource number 0x9c040000
W/ResourceType(  952): No known package when getting name for resource number 0x9c040100
W/ResourceType(  952): No known package when getting name for resource number 0x9c040200
W/ResourceType(  952): No known package when getting name for resource number 0x9c030000
W/ResourceType(  952): No known package when getting name for resource number 0x9c010000
W/art     (10392): Failed to find ELF magic in /system/framework/am.odex: dey
W/ResourceType(  952): No known package when getting name for resource number 0x9c020000
W/ResourceType(  952): No known package when getting name for resource number 0x9c020100
W/ResourceType(  952): No known package when getting name for resource number 0x9c020200
W/ResourceType(  952): No known package when getting name for resource number 0x9c020300
W/ResourceType(  952): No known package when getting name for resource number 0x9c020001
W/ResourceType(  952): No known package when getting name for resource number 0x9c020101
W/ResourceType(  952): No known package when getting name for resource number 0x9c020201
W/ResourceType(  952): No known package when getting name for resource number 0x9c020301
W/ResourceType(  952): No known package when getting name for resource number 0x9c020002
W/ResourceType(  952): No known package when getting name for resource number 0x9c020102
W/ResourceType(  952): No known package when getting name for resource number 0x9c020202
W/ResourceType(  952): No known package when getting name for resource number 0x9c020302
W/ResourceType(  952): No known package when getting name for resource number 0x9c020003
W/ResourceType(  952): No known package when getting name for resource number 0x9c020103
W/ResourceType(  952): No known package when getting name for resource number 0x9c020203
W/ResourceType(  952): No known package when getting name for resource number 0x9c020303
W/ResourceType(  952): No known package when getting name for resource number 0x9b000000
W/ResourceType(  952): No known package when getting name for resource number 0x9b010100
W/ResourceType(  952): No known package when getting name for resource number 0x9b030300
W/ResourceType(  952): No known package when getting name for resource number 0x9b040400
W/ResourceType(  952): No known package when getting name for resource number 0x9c040000
W/ResourceType(  952): No known package when getting name for resource number 0x9c040100
W/ResourceType(  952): No known package when getting name for resource number 0x9c040200
W/ResourceType(  952): No known package when getting name for resource number 0x9c030000
W/ResourceType(  952): No known package when getting name for resource number 0x9c010000
W/ResourceType(  952): No known package when getting name for resource number 0x9b000000
W/ResourceType(  952): No known package when getting name for resource number 0x9b010100
W/ResourceType(  952): No known package when getting name for resource number 0x9b030300
W/ResourceType(  952): No known package when getting name for resource number 0x9b040400
W/ResourceType(  952): No known package when getting name for resource number 0x9c040000
W/ResourceType(  952): No known package when getting name for resource number 0x9c040100
W/ResourceType(  952): No known package when getting name for resource number 0x9c040200
W/ResourceType(  952): No known package when getting name for resource number 0x9c030000
W/ResourceType(  952): No known package when getting name for resource number 0x9c010000
W/art     (10392): JNI RegisterNativeMethods: attempt to register 0 native methods for android.content.res.Configuration
W/ResourceType(  952): No known package when getting name for resource number 0x9b000000
W/ResourceType(  952): No known package when getting name for resource number 0x9b010100
W/ResourceType(  952): No known package when getting name for resource number 0x9b030300
W/ResourceType(  952): No known package when getting name for resource number 0x9b040400
W/ResourceType(  952): No known package when getting name for resource number 0x9c040000
W/ResourceType(  952): No known package when getting name for resource number 0x9c040100
W/ResourceType(  952): No known package when getting name for resource number 0x9c040200
W/ResourceType(  952): No known package when getting name for resource number 0x9c030000
D/AndroidRuntime(10392): Calling main entry com.android.commands.am.Am
W/ResourceType(  952): No known package when getting name for resource number 0x9c010000
I/ActivityManager(  620): Force stopping com.android.calculator2 appid=10029 user=0: from pid 10392
W/ResourceType(  952): No known package when getting name for resource number 0x9b000000
W/ResourceType(  952): No known package when getting name for resource number 0x9b010100
W/ResourceType(  952): No known package when getting name for resource number 0x9b030300
W/ResourceType(  952): No known package when getting name for resource number 0x9b040400
W/ResourceType(  952): No known package when getting name for resource number 0x9c040000
W/ResourceType(  952): No known package when getting name for resource number 0x9c040100
W/ResourceType(  952): No known package when getting name for resource number 0x9c040200
W/ResourceType(  952): No known package when getting name for resource number 0x9c030000
W/ResourceType(  952): No known package when getting name for resource number 0x9c010000
W/ResourceType(  952): No known package when getting name for resource number 0x9b000000
W/ResourceType(  952): No known package when getting name for resource number 0x9b010100
W/ResourceType(  952): No known package when getting name for resource number 0x9b030300
W/ResourceType(  952): No known package when getting name for resource number 0x9b040400
W/ResourceType(  952): No known package when getting name for resource number 0x9c040000
W/ResourceType(  952): No known package when getting name for resource number 0x9c040100
W/ResourceType(  952): No known package when getting name for resource number 0x9c040200
W/ResourceType(  952): No known package when getting name for resource number 0x9c030000
W/ResourceType(  952): No known package when getting name for resource number 0x9c010000
W/ResourceType(  952): No known package when getting name for resource number 0x9b000000
W/ResourceType(  952): No known package when getting name for resource number 0x9b010100
W/ResourceType(  952): No known package when getting name for resource number 0x9b030300
W/ResourceType(  952): No known package when getting name for resource number 0x9b040400
W/ResourceType(  952): No known package when getting name for resource number 0x9c040000
W/ResourceType(  952): No known package when getting name for resource number 0x9c040100
W/ResourceType(  952): No known package when getting name for resource number 0x9c040200
W/ResourceType(  952): No known package when getting name for resource number 0x9c030000
W/ResourceType(  952): No known package when getting name for resource number 0x9c010000
W/ResourceType(  952): No known package when getting name for resource number 0x9b000000
W/ResourceType(  952): No known package when getting name for resource number 0x9b010100
W/ResourceType(  952): No known package when getting name for resource number 0x9b030300
W/ResourceType(  952): No known package when getting name for resource number 0x9b040400
W/ResourceType(  952): No known package when getting name for resource number 0x9c040000
W/ResourceType(  952): No known package when getting name for resource number 0x9c040100
W/ResourceType(  952): No known package when getting name for resource number 0x9c040200
W/ResourceType(  952): No known package when getting name for resource number 0x9c030000
W/ResourceType(  952): No known package when getting name for resource number 0x9c010000
W/ResourceType(  952): No known package when getting name for resource number 0x9b000000
W/ResourceType(  952): No known package when getting name for resource number 0x9b010100
W/ResourceType(  952): No known package when getting name for resource number 0x9b030300
W/ResourceType(  952): No known package when getting name for resource number 0x9b040400
W/ResourceType(  952): No known package when getting name for resource number 0x9c040000
W/ResourceType(  952): No known package when getting name for resource number 0x9c040100
W/ResourceType(  952): No known package when getting name for resource number 0x9c040200
W/ResourceType(  952): No known package when getting name for resource number 0x9c030000
W/ResourceType(  952): No known package when getting name for resource number 0x9c010000
W/ResourceType(  952): No known package when getting name for resource number 0x9b000000
W/ResourceType(  952): No known package when getting name for resource number 0x9b010100
W/ResourceType(  952): No known package when getting name for resource number 0x9b030300
W/ResourceType(  952): No known package when getting name for resource number 0x9b040400
W/ResourceType(  952): No known package when getting name for resource number 0x9c040000
W/ResourceType(  952): No known package when getting name for resource number 0x9c040100
W/ResourceType(  952): No known package when getting name for resource number 0x9c040200
W/ResourceType(  952): No known package when getting name for resource number 0x9c030000
